-------------------------------------------------------------------------------------------------------------------------------------------------------------------------------------------------------------------------------------------------------
      name:  <unnamed>
       log:  S:\ICS_Student_Projects\2024-25\Jocelyn\output/js_all_data_regress_z_iq8_hdl_age_sex_ses.log
  log type:  text
 opened on:   4 May 2025, 09:00:19
z_total_iq_8 created with 8304 missing values
z_hdl_9 created with 10568 missing values
===============================================================================
Regression on: [regress z_hdl_9 z_total_iq_8 age_9 i.sex i.ses]
===============================================================================

      Source |       SS           df       MS      Number of obs   =     3,924
-------------+----------------------------------   F(8, 3915)      =      8.20
       Model |  64.5172078         8  8.06465098   Prob > F        =    0.0000
    Residual |  3848.50885     3,915  .983016308   R-squared       =    0.0165
-------------+----------------------------------   Adj R-squared   =    0.0145
       Total |  3913.02605     3,923  .997457572   Root MSE        =    .99147

-------------------------------------------------------------------------------------------
                  z_hdl_9 | Coefficient  Std. err.      t    P>|t|     [95% conf. interval]
--------------------------+----------------------------------------------------------------
             z_total_iq_8 |  -.0145011   .0170502    -0.85   0.395    -.0479293     .018927
                    age_9 |  -.0083932   .0044803    -1.87   0.061    -.0171772    .0003909
                          |
                      sex |
                  Female  |  -.2232988   .0317013    -7.04   0.000    -.2854513   -.1611462
                          |
                      ses |
 II Managerial/Technical  |  -.0802506   .0460207    -1.74   0.081    -.1704773    .0099762
IIINM Skilled Non-Manual  |  -.0957708   .0520891    -1.84   0.066    -.1978952    .0063535
     IIIM Skilled Manual  |  -.2144032   .0664397    -3.23   0.001    -.3446629   -.0841434
       IV Partly Skilled  |  -.0339506   .0963268    -0.35   0.725     -.222806    .1549049
             V Unskilled  |  -.3248078   .2784869    -1.17   0.244    -.8708008    .2211853
                          |
                    _cons |   1.192564   .5311771     2.25   0.025     .1511538    2.233974
-------------------------------------------------------------------------------------------
===========================
Regression results:
z_IQ at: 8
Exposure: High-density_lipoprotein_(HLD) (hdl)
Age: 9
IQ Coefficient: -.01450114
IQ 95% CI Lower: -.04792931
IQ 95% CI Upper: .01892704
Regression results summary: z_IQ_at: 8 , Exposure: High-density_lipoprotein_(HLD)_(hdl) , Age: 9 , IQ_Coefficient: -.01450114 , IQ_95%_CI_Lower: -.04792931 , IQ_95%_CI_Upper: .01892704
===========================
z_hdl_15 created with 12161 missing values
===============================================================================
Regression on: [regress z_hdl_15 z_total_iq_8 age_15 i.sex i.ses]
===============================================================================

      Source |       SS           df       MS      Number of obs   =     2,692
-------------+----------------------------------   F(9, 2682)      =     21.78
       Model |   189.45852         9  21.0509467   Prob > F        =    0.0000
    Residual |  2592.04152     2,682  .966458432   R-squared       =    0.0681
-------------+----------------------------------   Adj R-squared   =    0.0650
       Total |  2781.50004     2,691  1.03363063   Root MSE        =    .98309

-------------------------------------------------------------------------------------------
                 z_hdl_15 | Coefficient  Std. err.      t    P>|t|     [95% conf. interval]
--------------------------+----------------------------------------------------------------
             z_total_iq_8 |  -.0198217   .0203099    -0.98   0.329    -.0596463    .0200029
                   age_15 |  -.0066253   .0056846    -1.17   0.244    -.0177719    .0045214
                          |
                      sex |
                  Female  |   .5167799   .0380056    13.60   0.000     .4422567    .5913031
                          |
                      ses |
 II Managerial/Technical  |   -.059412   .0524544    -1.13   0.257    -.1622671    .0434431
IIINM Skilled Non-Manual  |  -.0827208    .061903    -1.34   0.182    -.2041033    .0386618
     IIIM Skilled Manual  |  -.2423078   .0802404    -3.02   0.003    -.3996472   -.0849684
       IV Partly Skilled  |  -.2233057   .1175932    -1.90   0.058    -.4538881    .0072768
             V Unskilled  |  -.4480211   .2885918    -1.55   0.121    -1.013906    .1178638
            Armed Forces  |   1.146266   .9845481     1.16   0.244    -.7842839    3.076816
                          |
                    _cons |   1.058822   1.052275     1.01   0.314     -1.00453    3.122174
-------------------------------------------------------------------------------------------
===========================
Regression results:
z_IQ at: 8
Exposure: High-density_lipoprotein_(HLD) (hdl)
Age: 15
IQ Coefficient: -.01982173
IQ 95% CI Lower: -.05964631
IQ 95% CI Upper: .02000285
Regression results summary: z_IQ_at: 8 , Exposure: High-density_lipoprotein_(HLD)_(hdl) , Age: 15 , IQ_Coefficient: -.01982173 , IQ_95%_CI_Lower: -.05964631 , IQ_95%_CI_Upper: .02000285
===========================
z_hdl_17 created with 12363 missing values
===============================================================================
Regression on: [regress z_hdl_17 z_total_iq_8 age_17 i.sex i.ses]
===============================================================================

      Source |       SS           df       MS      Number of obs   =     2,473
-------------+----------------------------------   F(9, 2463)      =     27.24
       Model |  229.965544         9  25.5517271   Prob > F        =    0.0000
    Residual |  2310.43698     2,463  .938058051   R-squared       =    0.0905
-------------+----------------------------------   Adj R-squared   =    0.0872
       Total |  2540.40252     2,472  1.02767092   Root MSE        =    .96853

-------------------------------------------------------------------------------------------
                 z_hdl_17 | Coefficient  Std. err.      t    P>|t|     [95% conf. interval]
--------------------------+----------------------------------------------------------------
             z_total_iq_8 |   .0175604   .0207854     0.84   0.398    -.0231982     .058319
                   age_17 |   .0034367   .0042945     0.80   0.424    -.0049844    .0118578
                          |
                      sex |
                  Female  |    .595097   .0391036    15.22   0.000     .5184178    .6717763
                          |
                      ses |
 II Managerial/Technical  |  -.0827545   .0521619    -1.59   0.113    -.1850402    .0195312
IIINM Skilled Non-Manual  |  -.1596684   .0627352    -2.55   0.011    -.2826876   -.0366492
     IIIM Skilled Manual  |  -.2660509   .0843065    -3.16   0.002    -.4313698   -.1007319
       IV Partly Skilled  |  -.2047882   .1211354    -1.69   0.091     -.442326    .0327496
             V Unskilled  |  -.7034596    .345975    -2.03   0.042    -1.381891   -.0250278
            Armed Forces  |   .6879288   .9702407     0.71   0.478    -1.214643    2.590501
                          |
                    _cons |  -.9185136   .9160682    -1.00   0.316    -2.714857    .8778298
-------------------------------------------------------------------------------------------
===========================
Regression results:
z_IQ at: 8
Exposure: High-density_lipoprotein_(HLD) (hdl)
Age: 17
IQ Coefficient: .01756041
IQ 95% CI Lower: -.02319824
IQ 95% CI Upper: .05831905
Regression results summary: z_IQ_at: 8 , Exposure: High-density_lipoprotein_(HLD)_(hdl) , Age: 17 , IQ_Coefficient: .01756041 , IQ_95%_CI_Lower: -.02319824 , IQ_95%_CI_Upper: .05831905
===========================
z_hdl_24 created with 12395 missing values
===============================================================================
Regression on: [regress z_hdl_24 z_total_iq_8 age_24 i.sex i.ses]
===============================================================================

      Source |       SS           df       MS      Number of obs   =     2,366
-------------+----------------------------------   F(8, 2357)      =     49.36
       Model |  345.955684         8  43.2444605   Prob > F        =    0.0000
    Residual |   2065.0059     2,357  .876116209   R-squared       =    0.1435
-------------+----------------------------------   Adj R-squared   =    0.1406
       Total |  2410.96159     2,365  1.01943408   Root MSE        =    .93601

-------------------------------------------------------------------------------------------
                 z_hdl_24 | Coefficient  Std. err.      t    P>|t|     [95% conf. interval]
--------------------------+----------------------------------------------------------------
             z_total_iq_8 |     .05481   .0213262     2.57   0.010     .0129899      .09663
                   age_24 |   .0163469   .0020498     7.97   0.000     .0123272    .0203665
                          |
                      sex |
                  Female  |   .6743061   .0392499    17.18   0.000     .5973382    .7512739
                          |
                      ses |
 II Managerial/Technical  |  -.1161451   .0512104    -2.27   0.023    -.2165671    -.015723
IIINM Skilled Non-Manual  |   -.250731   .0605164    -4.14   0.000     -.369402   -.1320601
     IIIM Skilled Manual  |  -.4849766    .085831    -5.65   0.000    -.6532887   -.3166646
       IV Partly Skilled  |  -.3807353   .1368495    -2.78   0.005    -.6490933   -.1123774
             V Unskilled  |  -1.003412   .4706341    -2.13   0.033    -1.926312   -.0805121
                          |
                    _cons |  -5.036301   .6066007    -8.30   0.000    -6.225827   -3.846775
-------------------------------------------------------------------------------------------
===========================
Regression results:
z_IQ at: 8
Exposure: High-density_lipoprotein_(HLD) (hdl)
Age: 24
IQ Coefficient: .05480995
IQ 95% CI Lower: .01298992
IQ 95% CI Upper: .09662998
Regression results summary: z_IQ_at: 8 , Exposure: High-density_lipoprotein_(HLD)_(hdl) , Age: 24 , IQ_Coefficient: .05480995 , IQ_95%_CI_Lower: .01298992 , IQ_95%_CI_Upper: .09662998
===========================
file output/js_all_data_regress_z_iq8_hdl_age_sex_ses.png saved as PNG format
      name:  <unnamed>
       log:  S:\ICS_Student_Projects\2024-25\Jocelyn\output/js_all_data_regress_z_iq8_hdl_age_sex_ses.log
  log type:  text
 closed on:   4 May 2025, 09:00:20
-------------------------------------------------------------------------------------------------------------------------------------------------------------------------------------------------------------------------------------------------------
