-------------------------------------------------------------------------------------------------------------------------------------------------------------------------------------------------------------------------------------------------------
      name:  <unnamed>
       log:  S:\ICS_Student_Projects\2024-25\Jocelyn\output/js_all_data_regress_z_iq8_bp_dia_age_sex_ses.log
  log type:  text
 opened on:   4 May 2025, 09:00:16
z_total_iq_8 created with 8304 missing values
z_bp_dia_9 created with 8047 missing values
===============================================================================
Regression on: [regress z_bp_dia_9 z_total_iq_8 age_9 i.sex i.ses]
===============================================================================

      Source |       SS           df       MS      Number of obs   =     5,786
-------------+----------------------------------   F(8, 5777)      =      2.77
       Model |  21.7635654         8  2.72044568   Prob > F        =    0.0047
    Residual |  5680.29288     5,777  .983259976   R-squared       =    0.0038
-------------+----------------------------------   Adj R-squared   =    0.0024
       Total |  5702.05644     5,785  .985662307   Root MSE        =    .99159

-------------------------------------------------------------------------------------------
               z_bp_dia_9 | Coefficient  Std. err.      t    P>|t|     [95% conf. interval]
--------------------------+----------------------------------------------------------------
             z_total_iq_8 |  -.0304093    .013976    -2.18   0.030    -.0578076   -.0030111
                    age_9 |   .0022109   .0037542     0.59   0.556    -.0051487    .0095706
                          |
                      sex |
                  Female  |   .0698104   .0260938     2.68   0.007     .0186567     .120964
                          |
                      ses |
 II Managerial/Technical  |   .0294269   .0382594     0.77   0.442    -.0455759    .1044297
IIINM Skilled Non-Manual  |   .0327723   .0429851     0.76   0.446    -.0514946    .1170392
     IIIM Skilled Manual  |   .0047525   .0546302     0.09   0.931    -.1023431    .1118481
       IV Partly Skilled  |   .1916884   .0779704     2.46   0.014     .0388372    .3445397
             V Unskilled  |   .1273471   .2098008     0.61   0.544    -.2839411    .5386353
                          |
                    _cons |  -.3469558   .4448353    -0.78   0.435       -1.219    .5250881
-------------------------------------------------------------------------------------------
===========================
Regression results:
z_IQ at: 8
Exposure: Diastolic_blood_pressure (bp_dia)
Age: 9
IQ Coefficient: -.03040934
IQ 95% CI Lower: -.05780759
IQ 95% CI Upper: -.00301109
Regression results summary: z_IQ_at: 8 , Exposure: Diastolic_blood_pressure_(bp_dia) , Age: 9 , IQ_Coefficient: -.03040934 , IQ_95%_CI_Lower: -.05780759 , IQ_95%_CI_Upper: -.00301109
===========================
z_bp_dia_10 created with 8461 missing values
===============================================================================
Regression on: [regress z_bp_dia_10 z_total_iq_8 age_10 i.sex i.ses]
===============================================================================

      Source |       SS           df       MS      Number of obs   =     5,466
-------------+----------------------------------   F(8, 5457)      =      9.80
       Model |  74.4856404         8  9.31070505   Prob > F        =    0.0000
    Residual |  5186.07241     5,457  .950352283   R-squared       =    0.0142
-------------+----------------------------------   Adj R-squared   =    0.0127
       Total |  5260.55805     5,465  .962590676   Root MSE        =    .97486

-------------------------------------------------------------------------------------------
              z_bp_dia_10 | Coefficient  Std. err.      t    P>|t|     [95% conf. interval]
--------------------------+----------------------------------------------------------------
             z_total_iq_8 |  -.0669262   .0141819    -4.72   0.000    -.0947283    -.039124
                   age_10 |   .0123841   .0046662     2.65   0.008     .0032365    .0215318
                          |
                      sex |
                  Female  |   .1597041   .0264057     6.05   0.000     .1079384    .2114699
                          |
                      ses |
 II Managerial/Technical  |   .0453461   .0384726     1.18   0.239    -.0300755    .1207677
IIINM Skilled Non-Manual  |    .065492   .0433634     1.51   0.131    -.0195175    .1505016
     IIIM Skilled Manual  |   .0555796   .0553945     1.00   0.316    -.0530157    .1641749
       IV Partly Skilled  |  -.0111906   .0795819    -0.14   0.888    -.1672028    .1448217
             V Unskilled  |   .2066958   .2159566     0.96   0.339    -.2166652    .6300568
                          |
                    _cons |  -1.753416   .5956439    -2.94   0.003    -2.921115    -.585716
-------------------------------------------------------------------------------------------
===========================
Regression results:
z_IQ at: 8
Exposure: Diastolic_blood_pressure (bp_dia)
Age: 10
IQ Coefficient: -.06692615
IQ 95% CI Lower: -.09472829
IQ 95% CI Upper: -.03912402
Regression results summary: z_IQ_at: 8 , Exposure: Diastolic_blood_pressure_(bp_dia) , Age: 10 , IQ_Coefficient: -.06692615 , IQ_95%_CI_Lower: -.09472829 , IQ_95%_CI_Upper: -.03912402
===========================
z_bp_dia_11 created with 8612 missing values
===============================================================================
Regression on: [regress z_bp_dia_11 z_total_iq_8 age_11 i.sex i.ses]
===============================================================================

      Source |       SS           df       MS      Number of obs   =     5,315
-------------+----------------------------------   F(8, 5306)      =      3.50
       Model |  27.2696377         8  3.40870471   Prob > F        =    0.0005
    Residual |   5168.1569     5,306  .974021278   R-squared       =    0.0052
-------------+----------------------------------   Adj R-squared   =    0.0037
       Total |  5195.42654     5,314   .97768659   Root MSE        =    .98693

-------------------------------------------------------------------------------------------
              z_bp_dia_11 | Coefficient  Std. err.      t    P>|t|     [95% conf. interval]
--------------------------+----------------------------------------------------------------
             z_total_iq_8 |  -.0387074   .0144983    -2.67   0.008      -.06713   -.0102848
                   age_11 |  -.0095056   .0051905    -1.83   0.067    -.0196812      .00067
                          |
                      sex |
                  Female  |   .1065862   .0271006     3.93   0.000     .0534579    .1597145
                          |
                      ses |
 II Managerial/Technical  |   .0167992   .0394769     0.43   0.670    -.0605917    .0941902
IIINM Skilled Non-Manual  |   .0057066   .0444176     0.13   0.898    -.0813702    .0927835
     IIIM Skilled Manual  |  -.0418011   .0567551    -0.74   0.461    -.1530645    .0694622
       IV Partly Skilled  |   .0675331   .0831896     0.81   0.417    -.0955528     .230619
             V Unskilled  |  -.0713376   .2185873    -0.33   0.744    -.4998585    .3571833
                          |
                    _cons |    1.25702   .7313473     1.72   0.086    -.1767219    2.690761
-------------------------------------------------------------------------------------------
===========================
Regression results:
z_IQ at: 8
Exposure: Diastolic_blood_pressure (bp_dia)
Age: 11
IQ Coefficient: -.03870739
IQ 95% CI Lower: -.06712996
IQ 95% CI Upper: -.01028482
Regression results summary: z_IQ_at: 8 , Exposure: Diastolic_blood_pressure_(bp_dia) , Age: 11 , IQ_Coefficient: -.03870739 , IQ_95%_CI_Lower: -.06712996 , IQ_95%_CI_Upper: -.01028482
===========================
z_bp_dia_12 created with 8897 missing values
===============================================================================
Regression on: [regress z_bp_dia_12 z_total_iq_8 age_12 i.sex i.ses]
===============================================================================

      Source |       SS           df       MS      Number of obs   =     5,143
-------------+----------------------------------   F(8, 5134)      =      0.59
       Model |  4.65039496         8   .58129937   Prob > F        =    0.7828
    Residual |  5015.95028     5,134  .977006287   R-squared       =    0.0009
-------------+----------------------------------   Adj R-squared   =   -0.0006
       Total |  5020.60067     5,142   .97639064   Root MSE        =    .98844

-------------------------------------------------------------------------------------------
              z_bp_dia_12 | Coefficient  Std. err.      t    P>|t|     [95% conf. interval]
--------------------------+----------------------------------------------------------------
             z_total_iq_8 |  -.0012906   .0147188    -0.09   0.930    -.0301459    .0275646
                   age_12 |  -.0008789   .0053387    -0.16   0.869    -.0113451    .0095873
                          |
                      sex |
                  Female  |   .0184014   .0276058     0.67   0.505    -.0357177    .0725205
                          |
                      ses |
 II Managerial/Technical  |   .0573732   .0399381     1.44   0.151    -.0209224    .1356689
IIINM Skilled Non-Manual  |    .034748   .0451113     0.77   0.441    -.0536893    .1231854
     IIIM Skilled Manual  |   .0025444    .057933     0.04   0.965     -.111029    .1161177
       IV Partly Skilled  |   .1127615   .0848222     1.33   0.184    -.0535262    .2790492
             V Unskilled  |   -.114258   .2190986    -0.52   0.602    -.5437846    .3152686
                          |
                    _cons |   .0643654   .8215435     0.08   0.938     -1.54621    1.674941
-------------------------------------------------------------------------------------------
===========================
Regression results:
z_IQ at: 8
Exposure: Diastolic_blood_pressure (bp_dia)
Age: 12
IQ Coefficient: -.00129064
IQ 95% CI Lower: -.03014585
IQ 95% CI Upper: .02756457
Regression results summary: z_IQ_at: 8 , Exposure: Diastolic_blood_pressure_(bp_dia) , Age: 12 , IQ_Coefficient: -.00129064 , IQ_95%_CI_Lower: -.03014585 , IQ_95%_CI_Upper: .02756457
===========================
z_bp_dia_13 created with 10275 missing values
===============================================================================
Regression on: [regress z_bp_dia_13 z_total_iq_8 age_13 i.sex i.ses]
===============================================================================

      Source |       SS           df       MS      Number of obs   =     4,157
-------------+----------------------------------   F(9, 4147)      =      7.07
       Model |  61.1143697         9  6.79048552   Prob > F        =    0.0000
    Residual |  3980.98973     4,147  .959968586   R-squared       =    0.0151
-------------+----------------------------------   Adj R-squared   =    0.0130
       Total |   4042.1041     4,156  .972594826   Root MSE        =    .97978

-------------------------------------------------------------------------------------------
              z_bp_dia_13 | Coefficient  Std. err.      t    P>|t|     [95% conf. interval]
--------------------------+----------------------------------------------------------------
             z_total_iq_8 |  -.0330414   .0162534    -2.03   0.042    -.0649067   -.0011761
                   age_13 |   .0122219   .0064012     1.91   0.056    -.0003278    .0247716
                          |
                      sex |
                  Female  |   .2046645   .0304277     6.73   0.000     .1450099    .2643192
                          |
                      ses |
 II Managerial/Technical  |   .0395278    .043403     0.91   0.362    -.0455653    .1246208
IIINM Skilled Non-Manual  |   .0339084   .0496237     0.68   0.494    -.0633807    .1311975
     IIIM Skilled Manual  |  -.0489681   .0644407    -0.76   0.447    -.1753064    .0773703
       IV Partly Skilled  |   .1582993   .0932271     1.70   0.090    -.0244757    .3410743
             V Unskilled  |   .4823371    .348752     1.38   0.167    -.2014039    1.166078
            Armed Forces  |  -1.061942   .9807654    -1.08   0.279    -2.984769    .8608837
                          |
                    _cons |  -2.185745   1.062891    -2.06   0.040     -4.26958   -.1019094
-------------------------------------------------------------------------------------------
===========================
Regression results:
z_IQ at: 8
Exposure: Diastolic_blood_pressure (bp_dia)
Age: 13
IQ Coefficient: -.0330414
IQ 95% CI Lower: -.06490675
IQ 95% CI Upper: -.00117605
Regression results summary: z_IQ_at: 8 , Exposure: Diastolic_blood_pressure_(bp_dia) , Age: 13 , IQ_Coefficient: -.0330414 , IQ_95%_CI_Lower: -.06490675 , IQ_95%_CI_Upper: -.00117605
===========================
z_bp_dia_15 created with 10333 missing values
===============================================================================
Regression on: [regress z_bp_dia_15 z_total_iq_8 age_15 i.sex i.ses]
===============================================================================

      Source |       SS           df       MS      Number of obs   =     4,121
-------------+----------------------------------   F(9, 4111)      =      3.30
       Model |  29.1651624         9   3.2405736   Prob > F        =    0.0005
    Residual |  4040.09627     4,111   .98275268   R-squared       =    0.0072
-------------+----------------------------------   Adj R-squared   =    0.0050
       Total |  4069.26143     4,120  .987684813   Root MSE        =    .99134

-------------------------------------------------------------------------------------------
              z_bp_dia_15 | Coefficient  Std. err.      t    P>|t|     [95% conf. interval]
--------------------------+----------------------------------------------------------------
             z_total_iq_8 |  -.0364085   .0165984    -2.19   0.028    -.0689503   -.0038667
                   age_15 |   .0019098   .0044118     0.43   0.665    -.0067397    .0105593
                          |
                      sex |
                  Female  |  -.1385742    .030997    -4.47   0.000     -.199345   -.0778033
                          |
                      ses |
 II Managerial/Technical  |   -.009366   .0433572    -0.22   0.829    -.0943696    .0756375
IIINM Skilled Non-Manual  |   .0047127   .0500961     0.09   0.925    -.0935028    .1029282
     IIIM Skilled Manual  |   -.109202   .0661491    -1.65   0.099    -.2388901    .0204861
       IV Partly Skilled  |  -.1036555   .0964414    -1.07   0.283    -.2927328    .0854218
             V Unskilled  |  -.0651964   .2682707    -0.24   0.808    -.5911522    .4607594
            Armed Forces  |   .9756595   .9923142     0.98   0.326    -.9698133    2.921132
                          |
                    _cons |  -.2543357   .8170916    -0.31   0.756    -1.856277    1.347606
-------------------------------------------------------------------------------------------
===========================
Regression results:
z_IQ at: 8
Exposure: Diastolic_blood_pressure (bp_dia)
Age: 15
IQ Coefficient: -.0364085
IQ 95% CI Lower: -.0689503
IQ 95% CI Upper: -.0038667
Regression results summary: z_IQ_at: 8 , Exposure: Diastolic_blood_pressure_(bp_dia) , Age: 15 , IQ_Coefficient: -.0364085 , IQ_95%_CI_Lower: -.0689503 , IQ_95%_CI_Upper: -.0038667
===========================
z_bp_dia_17 created with 10974 missing values
===============================================================================
Regression on: [regress z_bp_dia_17 z_total_iq_8 age_17 i.sex i.ses]
===============================================================================

      Source |       SS           df       MS      Number of obs   =     3,522
-------------+----------------------------------   F(9, 3512)      =     11.86
       Model |  101.537714         9  11.2819683   Prob > F        =    0.0000
    Residual |  3341.42732     3,512   .95143147   R-squared       =    0.0295
-------------+----------------------------------   Adj R-squared   =    0.0270
       Total |  3442.96504     3,521  .977837273   Root MSE        =    .97541

-------------------------------------------------------------------------------------------
              z_bp_dia_17 | Coefficient  Std. err.      t    P>|t|     [95% conf. interval]
--------------------------+----------------------------------------------------------------
             z_total_iq_8 |  -.0723102   .0175611    -4.12   0.000    -.1067412   -.0378793
                   age_17 |   .0175675   .0037043     4.74   0.000     .0103048    .0248302
                          |
                      sex |
                  Female  |     .20802    .033163     6.27   0.000     .1429993    .2730406
                          |
                      ses |
 II Managerial/Technical  |   .1226675   .0452003     2.71   0.007      .034046    .2112889
IIINM Skilled Non-Manual  |   .1110091    .053055     2.09   0.036     .0069874    .2150308
     IIIM Skilled Manual  |   .2026933    .070253     2.89   0.004     .0649526     .340434
       IV Partly Skilled  |   .1483715   .1015229     1.46   0.144    -.0506783    .3474214
             V Unskilled  |   .0365006   .2849315     0.13   0.898    -.5221473    .5951486
            Armed Forces  |  -1.094455   .9766801    -1.12   0.263    -3.009372    .8204632
                          |
                    _cons |  -3.970912   .7902768    -5.02   0.000     -5.52036   -2.421464
-------------------------------------------------------------------------------------------
===========================
Regression results:
z_IQ at: 8
Exposure: Diastolic_blood_pressure (bp_dia)
Age: 17
IQ Coefficient: -.07231024
IQ 95% CI Lower: -.10674117
IQ 95% CI Upper: -.03787932
Regression results summary: z_IQ_at: 8 , Exposure: Diastolic_blood_pressure_(bp_dia) , Age: 17 , IQ_Coefficient: -.07231024 , IQ_95%_CI_Lower: -.10674117 , IQ_95%_CI_Upper: -.03787932
===========================
z_bp_dia_24 created with 11652 missing values
===============================================================================
Regression on: [regress z_bp_dia_24 z_total_iq_8 age_24 i.sex i.ses]
===============================================================================

      Source |       SS           df       MS      Number of obs   =     2,906
-------------+----------------------------------   F(8, 2897)      =      7.90
       Model |  61.7500426         8  7.71875533   Prob > F        =    0.0000
    Residual |  2830.98214     2,897  .977211648   R-squared       =    0.0213
-------------+----------------------------------   Adj R-squared   =    0.0186
       Total |  2892.73219     2,905  .995777001   Root MSE        =    .98854

-------------------------------------------------------------------------------------------
              z_bp_dia_24 | Coefficient  Std. err.      t    P>|t|     [95% conf. interval]
--------------------------+----------------------------------------------------------------
             z_total_iq_8 |   -.045357   .0200353    -2.26   0.024    -.0846419    -.006072
                   age_24 |  -.0081032    .001948    -4.16   0.000    -.0119228   -.0042835
                          |
                      sex |
                  Female  |  -.2101708    .037807    -5.56   0.000    -.2843021   -.1360396
                          |
                      ses |
 II Managerial/Technical  |   .0569929   .0492199     1.16   0.247    -.0395167    .1535025
IIINM Skilled Non-Manual  |   .1215888   .0577193     2.11   0.035     .0084138    .2347638
     IIIM Skilled Manual  |   .1023835   .0799769     1.28   0.201    -.0544339     .259201
       IV Partly Skilled  |    .310488   .1289043     2.41   0.016     .0577346    .5632415
             V Unskilled  |   .2603825   .4062405     0.64   0.522    -.5361671    1.056932
                          |
                    _cons |   2.442208   .5763859     4.24   0.000      1.31204    3.572376
-------------------------------------------------------------------------------------------
===========================
Regression results:
z_IQ at: 8
Exposure: Diastolic_blood_pressure (bp_dia)
Age: 24
IQ Coefficient: -.04535697
IQ 95% CI Lower: -.08464192
IQ 95% CI Upper: -.00607202
Regression results summary: z_IQ_at: 8 , Exposure: Diastolic_blood_pressure_(bp_dia) , Age: 24 , IQ_Coefficient: -.04535697 , IQ_95%_CI_Lower: -.08464192 , IQ_95%_CI_Upper: -.00607202
===========================
file output/js_all_data_regress_z_iq8_bp_dia_age_sex_ses.png saved as PNG format
      name:  <unnamed>
       log:  S:\ICS_Student_Projects\2024-25\Jocelyn\output/js_all_data_regress_z_iq8_bp_dia_age_sex_ses.log
  log type:  text
 closed on:   4 May 2025, 09:00:17
-------------------------------------------------------------------------------------------------------------------------------------------------------------------------------------------------------------------------------------------------------
