-------------------------------------------------------------------------------------------------------------------------------------------------------------------------------------------------------------------------------------------------------
      name:  <unnamed>
       log:  S:\ICS_Student_Projects\2024-25\Jocelyn\output/js_all_data_regress_z_iq8_wc_age_sex_ses.log
  log type:  text
 opened on:   4 May 2025, 09:00:13
z_total_iq_8 created with 8304 missing values
z_wc_9 created with 7959 missing values
===============================================================================
Regression on: [regress z_wc_9 z_total_iq_8 age_9 i.sex i.ses]
===============================================================================

      Source |       SS           df       MS      Number of obs   =     5,854
-------------+----------------------------------   F(8, 5845)      =     13.81
       Model |  100.874709         8  12.6093386   Prob > F        =    0.0000
    Residual |  5335.64247     5,845  .912855854   R-squared       =    0.0186
-------------+----------------------------------   Adj R-squared   =    0.0172
       Total |  5436.51718     5,853  .928842846   Root MSE        =    .95543

-------------------------------------------------------------------------------------------
                   z_wc_9 | Coefficient  Std. err.      t    P>|t|     [95% conf. interval]
--------------------------+----------------------------------------------------------------
             z_total_iq_8 |   -.018118   .0133639    -1.36   0.175    -.0443162    .0080801
                    age_9 |   .0321638   .0036019     8.93   0.000     .0251028    .0392248
                          |
                      sex |
                  Female  |  -.0717862    .024995    -2.87   0.004    -.1207856   -.0227867
                          |
                      ses |
 II Managerial/Technical  |   .0847448   .0366011     2.32   0.021     .0129931    .1564965
IIINM Skilled Non-Manual  |   .0745645   .0411528     1.81   0.070    -.0061103    .1552393
     IIIM Skilled Manual  |   .1445334   .0522698     2.77   0.006     .0420652    .2470016
       IV Partly Skilled  |   .1664758   .0747174     2.23   0.026     .0200021    .3129494
             V Unskilled  |   .3407575   .1980375     1.72   0.085    -.0474693    .7289844
                          |
                    _cons |  -3.880457    .426714    -9.09   0.000    -4.716974   -3.043939
-------------------------------------------------------------------------------------------
===========================
Regression results:
z_IQ at: 8
Exposure: Waist_circumference (wc)
Age: 9
IQ Coefficient: -.01811804
IQ 95% CI Lower: -.0443162
IQ 95% CI Upper: .00808011
Regression results summary: z_IQ_at: 8 , Exposure: Waist_circumference_(wc) , Age: 9 , IQ_Coefficient: -.01811804 , IQ_95%_CI_Lower: -.0443162 , IQ_95%_CI_Upper: .00808011
===========================
z_wc_10 created with 8141 missing values
===============================================================================
Regression on: [regress z_wc_10 z_total_iq_8 age_10 i.sex i.ses]
===============================================================================

      Source |       SS           df       MS      Number of obs   =     5,698
-------------+----------------------------------   F(8, 5689)      =      8.01
       Model |   59.188902         8  7.39861276   Prob > F        =    0.0000
    Residual |  5253.28702     5,689  .923411324   R-squared       =    0.0111
-------------+----------------------------------   Adj R-squared   =    0.0098
       Total |  5312.47592     5,697  .932504112   Root MSE        =    .96094

-------------------------------------------------------------------------------------------
                  z_wc_10 | Coefficient  Std. err.      t    P>|t|     [95% conf. interval]
--------------------------+----------------------------------------------------------------
             z_total_iq_8 |  -.0261658   .0136143    -1.92   0.055     -.052855    .0005234
                   age_10 |   .0289888   .0045332     6.39   0.000      .020102    .0378757
                          |
                      sex |
                  Female  |  -.0442132   .0254851    -1.73   0.083    -.0941737    .0057473
                          |
                      ses |
 II Managerial/Technical  |   .0556707   .0372901     1.49   0.136    -.0174321    .1287735
IIINM Skilled Non-Manual  |   .0760911   .0419766     1.81   0.070    -.0061991    .1583813
     IIIM Skilled Manual  |   .1315939   .0534525     2.46   0.014     .0268066    .2363812
       IV Partly Skilled  |   .1725861   .0768916     2.24   0.025     .0218492     .323323
             V Unskilled  |   .1150265   .2035217     0.57   0.572    -.2839536    .5140065
                          |
                    _cons |  -3.771259    .578443    -6.52   0.000    -4.905227    -2.63729
-------------------------------------------------------------------------------------------
===========================
Regression results:
z_IQ at: 8
Exposure: Waist_circumference (wc)
Age: 10
IQ Coefficient: -.0261658
IQ 95% CI Lower: -.05285498
IQ 95% CI Upper: .00052338
Regression results summary: z_IQ_at: 8 , Exposure: Waist_circumference_(wc) , Age: 10 , IQ_Coefficient: -.0261658 , IQ_95%_CI_Lower: -.05285498 , IQ_95%_CI_Upper: .00052338
===========================
z_wc_11 created with 8548 missing values
===============================================================================
Regression on: [regress z_wc_11 z_total_iq_8 age_11 i.sex i.ses]
===============================================================================

      Source |       SS           df       MS      Number of obs   =     5,378
-------------+----------------------------------   F(8, 5369)      =      8.23
       Model |  61.1501161         8  7.64376451   Prob > F        =    0.0000
    Residual |  4983.61443     5,369  .928220232   R-squared       =    0.0121
-------------+----------------------------------   Adj R-squared   =    0.0106
       Total |  5044.76454     5,377  .938211743   Root MSE        =    .96344

-------------------------------------------------------------------------------------------
                  z_wc_11 | Coefficient  Std. err.      t    P>|t|     [95% conf. interval]
--------------------------+----------------------------------------------------------------
             z_total_iq_8 |  -.0498483   .0140432    -3.55   0.000    -.0773788   -.0223178
                   age_11 |   .0241027   .0050764     4.75   0.000      .014151    .0340544
                          |
                      sex |
                  Female  |  -.0685599   .0262972    -2.61   0.009    -.1201131   -.0170068
                          |
                      ses |
 II Managerial/Technical  |   .1140833   .0382335     2.98   0.003     .0391302    .1890364
IIINM Skilled Non-Manual  |   .1169219   .0430597     2.72   0.007     .0325074    .2013365
     IIIM Skilled Manual  |   .1679436   .0550482     3.05   0.002     .0600269    .2758603
       IV Partly Skilled  |    .158471   .0803409     1.97   0.049     .0009701    .3159719
             V Unskilled  |   .2137992   .2133313     1.00   0.316    -.2044167    .6320152
                          |
                    _cons |  -3.488259   .7151776    -4.88   0.000    -4.890297   -2.086221
-------------------------------------------------------------------------------------------
===========================
Regression results:
z_IQ at: 8
Exposure: Waist_circumference (wc)
Age: 11
IQ Coefficient: -.04984829
IQ 95% CI Lower: -.07737875
IQ 95% CI Upper: -.02231783
Regression results summary: z_IQ_at: 8 , Exposure: Waist_circumference_(wc) , Age: 11 , IQ_Coefficient: -.04984829 , IQ_95%_CI_Lower: -.07737875 , IQ_95%_CI_Upper: -.02231783
===========================
z_wc_12 created with 8930 missing values
===============================================================================
Regression on: [regress z_wc_12 z_total_iq_8 age_12 i.sex i.ses]
===============================================================================

      Source |       SS           df       MS      Number of obs   =     5,119
-------------+----------------------------------   F(8, 5110)      =      7.01
       Model |  52.6144826         8  6.57681032   Prob > F        =    0.0000
    Residual |  4794.74581     5,110  .938306421   R-squared       =    0.0109
-------------+----------------------------------   Adj R-squared   =    0.0093
       Total |   4847.3603     5,118  .947120027   Root MSE        =    .96866

-------------------------------------------------------------------------------------------
                  z_wc_12 | Coefficient  Std. err.      t    P>|t|     [95% conf. interval]
--------------------------+----------------------------------------------------------------
             z_total_iq_8 |  -.0477803   .0144778    -3.30   0.001    -.0761629   -.0193976
                   age_12 |   .0114316   .0052844     2.16   0.031      .001072    .0217912
                          |
                      sex |
                  Female  |  -.0726409   .0271154    -2.68   0.007    -.1257987   -.0194831
                          |
                      ses |
 II Managerial/Technical  |   .0889235   .0391063     2.27   0.023     .0122584    .1655886
IIINM Skilled Non-Manual  |   .1309994    .044202     2.96   0.003     .0443445    .2176542
     IIIM Skilled Manual  |   .2053113    .056898     3.61   0.000     .0937669    .3168556
       IV Partly Skilled  |   .2828048   .0836932     3.38   0.001     .1187302    .4468793
             V Unskilled  |   .1305407   .2147038     0.61   0.543    -.2903708    .5514522
                          |
                    _cons |  -1.846006   .8130541    -2.27   0.023    -3.439941    -.252072
-------------------------------------------------------------------------------------------
===========================
Regression results:
z_IQ at: 8
Exposure: Waist_circumference (wc)
Age: 12
IQ Coefficient: -.04778027
IQ 95% CI Lower: -.07616289
IQ 95% CI Upper: -.01939765
Regression results summary: z_IQ_at: 8 , Exposure: Waist_circumference_(wc) , Age: 12 , IQ_Coefficient: -.04778027 , IQ_95%_CI_Lower: -.07616289 , IQ_95%_CI_Upper: -.01939765
===========================
z_wc_13 created with 9537 missing values
===============================================================================
Regression on: [regress z_wc_13 z_total_iq_8 age_13 i.sex i.ses]
===============================================================================

      Source |       SS           df       MS      Number of obs   =     4,746
-------------+----------------------------------   F(9, 4736)      =      7.20
       Model |  59.4883867         9  6.60982074   Prob > F        =    0.0000
    Residual |  4347.55108     4,736  .917979535   R-squared       =    0.0135
-------------+----------------------------------   Adj R-squared   =    0.0116
       Total |  4407.03947     4,745  .928775441   Root MSE        =    .95811

-------------------------------------------------------------------------------------------
                  z_wc_13 | Coefficient  Std. err.      t    P>|t|     [95% conf. interval]
--------------------------+----------------------------------------------------------------
             z_total_iq_8 |  -.0446568   .0149225    -2.99   0.003    -.0739119   -.0154017
                   age_13 |   .0060033   .0059327     1.01   0.312    -.0056275    .0176341
                          |
                      sex |
                  Female  |   -.120963   .0278476    -4.34   0.000    -.1755572   -.0663688
                          |
                      ses |
 II Managerial/Technical  |   .0982184   .0397465     2.47   0.014     .0202969      .17614
IIINM Skilled Non-Manual  |   .1078052   .0453835     2.38   0.018     .0188324    .1967781
     IIIM Skilled Manual  |   .2909723   .0592254     4.91   0.000     .1748631    .4070816
       IV Partly Skilled  |   .1994194    .085198     2.34   0.019     .0323917    .3664472
             V Unskilled  |      .2719   .2682584     1.01   0.311    -.2540112    .7978112
            Armed Forces  |   -.410822   .9589601    -0.43   0.668     -2.29083    1.469186
                          |
                    _cons |  -1.065768   .9851366    -1.08   0.279    -2.997094    .8655579
-------------------------------------------------------------------------------------------
===========================
Regression results:
z_IQ at: 8
Exposure: Waist_circumference (wc)
Age: 13
IQ Coefficient: -.04465681
IQ 95% CI Lower: -.07391194
IQ 95% CI Upper: -.01540167
Regression results summary: z_IQ_at: 8 , Exposure: Waist_circumference_(wc) , Age: 13 , IQ_Coefficient: -.04465681 , IQ_95%_CI_Lower: -.07391194 , IQ_95%_CI_Upper: -.01540167
===========================
z_wc_15 created with 11187 missing values
===============================================================================
Regression on: [regress z_wc_15 z_total_iq_8 age_15 i.sex i.ses]
===============================================================================

      Source |       SS           df       MS      Number of obs   =     3,467
-------------+----------------------------------   F(8, 3458)      =      4.03
       Model |  30.2029235         8  3.77536543   Prob > F        =    0.0001
    Residual |  3241.88363     3,458  .937502495   R-squared       =    0.0092
-------------+----------------------------------   Adj R-squared   =    0.0069
       Total |  3272.08655     3,466  .944052669   Root MSE        =    .96825

-------------------------------------------------------------------------------------------
                  z_wc_15 | Coefficient  Std. err.      t    P>|t|     [95% conf. interval]
--------------------------+----------------------------------------------------------------
             z_total_iq_8 |  -.0412357   .0176763    -2.33   0.020    -.0758927   -.0065786
                   age_15 |    .008932   .0045468     1.96   0.050     .0000173    .0178467
                          |
                      sex |
                  Female  |  -.0726999   .0330536    -2.20   0.028    -.1375064   -.0078934
                          |
                      ses |
 II Managerial/Technical  |   .1404279   .0461604     3.04   0.002     .0499234    .2309324
IIINM Skilled Non-Manual  |   .1467184   .0534117     2.75   0.006     .0419967    .2514402
     IIIM Skilled Manual  |   .1997946   .0713529     2.80   0.005     .0598966    .3396926
       IV Partly Skilled  |   .2081974   .1057564     1.97   0.049      .000846    .4155487
             V Unskilled  |   .0518832    .272266     0.19   0.849    -.4819352    .5857016
                          |
                    _cons |  -1.754951   .8426853    -2.08   0.037    -3.407162   -.1027397
-------------------------------------------------------------------------------------------
===========================
Regression results:
z_IQ at: 8
Exposure: Waist_circumference (wc)
Age: 15
IQ Coefficient: -.04123566
IQ 95% CI Lower: -.07589273
IQ 95% CI Upper: -.00657859
Regression results summary: z_IQ_at: 8 , Exposure: Waist_circumference_(wc) , Age: 15 , IQ_Coefficient: -.04123566 , IQ_95%_CI_Lower: -.07589273 , IQ_95%_CI_Upper: -.00657859
===========================
z_wc_24 created with 11681 missing values
===============================================================================
Regression on: [regress z_wc_24 z_total_iq_8 age_24 i.sex i.ses]
===============================================================================

      Source |       SS           df       MS      Number of obs   =     2,888
-------------+----------------------------------   F(8, 2879)      =     47.43
       Model |  323.431795         8  40.4289743   Prob > F        =    0.0000
    Residual |  2453.90386     2,879  .852345903   R-squared       =    0.1165
-------------+----------------------------------   Adj R-squared   =    0.1140
       Total |  2777.33565     2,887  .962014427   Root MSE        =    .92323

-------------------------------------------------------------------------------------------
                  z_wc_24 | Coefficient  Std. err.      t    P>|t|     [95% conf. interval]
--------------------------+----------------------------------------------------------------
             z_total_iq_8 |  -.0887275   .0187803    -4.72   0.000    -.1255517   -.0519034
                   age_24 |   .0044904   .0018308     2.45   0.014     .0009006    .0080802
                          |
                      sex |
                  Female  |  -.6411074   .0354116   -18.10   0.000    -.7105421   -.5716727
                          |
                      ses |
 II Managerial/Technical  |   .0967677   .0460329     2.10   0.036     .0065068    .1870285
IIINM Skilled Non-Manual  |     .11963   .0541099     2.21   0.027     .0135319     .225728
     IIIM Skilled Manual  |   .3182132   .0748242     4.25   0.000     .1714987    .4649277
       IV Partly Skilled  |   .2112622   .1197091     1.76   0.078     -.023462    .4459864
             V Unskilled  |   .7050475   .3794175     1.86   0.063      -.03891    1.449005
                          |
                    _cons |  -1.030964   .5415573    -1.90   0.057    -2.092843    .0309154
-------------------------------------------------------------------------------------------
===========================
Regression results:
z_IQ at: 8
Exposure: Waist_circumference (wc)
Age: 24
IQ Coefficient: -.08872754
IQ 95% CI Lower: -.1255517
IQ 95% CI Upper: -.05190338
Regression results summary: z_IQ_at: 8 , Exposure: Waist_circumference_(wc) , Age: 24 , IQ_Coefficient: -.08872754 , IQ_95%_CI_Lower: -.1255517 , IQ_95%_CI_Upper: -.05190338
===========================
file output/js_all_data_regress_z_iq8_wc_age_sex_ses.png saved as PNG format
      name:  <unnamed>
       log:  S:\ICS_Student_Projects\2024-25\Jocelyn\output/js_all_data_regress_z_iq8_wc_age_sex_ses.log
  log type:  text
 closed on:   4 May 2025, 09:00:14
-------------------------------------------------------------------------------------------------------------------------------------------------------------------------------------------------------------------------------------------------------
