-----------------------------------------------------------------------------------------------------------------------------------------------------------------------------------------
      name:  <unnamed>
       log:  S:\ICS_Student_Projects\2024-25\Jocelyn\output/js_all_data_regress_iq8_chol_age_sex_ses.log
  log type:  text
 opened on:  30 Mar 2025, 23:27:01
z_chol_9 created with 10568 missing values
===============================================================================
Regression on: [regress z_chol_9 total_iq_8 age_9 i.sex i.ses]
===============================================================================

      Source |       SS           df       MS      Number of obs   =     3,924
-------------+----------------------------------   F(8, 3915)      =      7.31
       Model |   56.097016         8  7.01212701   Prob > F        =    0.0000
    Residual |  3754.86722     3,915  .959097629   R-squared       =    0.0147
-------------+----------------------------------   Adj R-squared   =    0.0127
       Total |  3810.96423     3,923  .971441303   Root MSE        =    .97934

-------------------------------------------------------------------------------------------
                 z_chol_9 | Coefficient  Std. err.      t    P>|t|     [95% conf. interval]
--------------------------+----------------------------------------------------------------
               total_iq_8 |   -.001783   .0010185    -1.75   0.080    -.0037799    .0002139
                    age_9 |   -.002038   .0044255    -0.46   0.645    -.0107145    .0066385
                          |
                      sex |
                  Female  |   .2248242   .0313132     7.18   0.000     .1634325     .286216
                          |
                      ses |
 II Managerial/Technical  |  -.0179068   .0454574    -0.39   0.694    -.1070292    .0712155
IIINM Skilled Non-Manual  |   .0056554   .0514515     0.11   0.912    -.0952188    .1065297
     IIIM Skilled Manual  |  -.0473438   .0656264    -0.72   0.471     -.176009    .0813215
       IV Partly Skilled  |    .106357   .0951477     1.12   0.264    -.0801867    .2929007
             V Unskilled  |    -.03877   .2750779    -0.14   0.888    -.5780796    .5005396
                          |
                    _cons |   .3318556   .5452682     0.61   0.543    -.7371809    1.400892
-------------------------------------------------------------------------------------------
===========================
Regression results:
IQ at: 8
Exposure: Cholesterol (chol)
Age: 9
IQ Coefficient: -.001783
IQ 95% CI Lower: -.00377993
IQ 95% CI Upper: .00021392
Regression results summary: IQ_at: 8 , Exposure: Cholesterol_(chol) , Age: 9 , IQ_Coefficient: -.001783 , IQ_95%_CI_Lower: -.00377993 , IQ_95%_CI_Upper: .00021392
===========================
z_chol_15 created with 12161 missing values
===============================================================================
Regression on: [regress z_chol_15 total_iq_8 age_15 i.sex i.ses]
===============================================================================

      Source |       SS           df       MS      Number of obs   =     2,692
-------------+----------------------------------   F(9, 2682)      =     25.45
       Model |  202.855417         9  22.5394908   Prob > F        =    0.0000
    Residual |  2375.09409     2,682  .885568267   R-squared       =    0.0787
-------------+----------------------------------   Adj R-squared   =    0.0756
       Total |  2577.94951     2,691  .957989412   Root MSE        =    .94105

-------------------------------------------------------------------------------------------
                z_chol_15 | Coefficient  Std. err.      t    P>|t|     [95% conf. interval]
--------------------------+----------------------------------------------------------------
               total_iq_8 |  -.0016832   .0011758    -1.43   0.152    -.0039887    .0006224
                   age_15 |   .0023339   .0054415     0.43   0.668    -.0083361    .0130039
                          |
                      sex |
                  Female  |   .5354649   .0363803    14.72   0.000     .4641285    .6068013
                          |
                      ses |
 II Managerial/Technical  |  -.0839842   .0502113    -1.67   0.095    -.1824409    .0144725
IIINM Skilled Non-Manual  |  -.0266326   .0592559    -0.45   0.653    -.1428245    .0895592
     IIIM Skilled Manual  |  -.0264233   .0768091    -0.34   0.731    -.1770344    .1241878
       IV Partly Skilled  |  -.0131549   .1125645    -0.12   0.907    -.2338769    .2075671
             V Unskilled  |   .0088318   .2762507     0.03   0.974    -.5328541    .5505177
            Armed Forces  |  -1.145702   .9424458    -1.22   0.224    -2.993696    .7022915
                          |
                    _cons |  -.4831067   1.020051    -0.47   0.636    -2.483273    1.517059
-------------------------------------------------------------------------------------------
===========================
Regression results:
IQ at: 8
Exposure: Cholesterol (chol)
Age: 15
IQ Coefficient: -.00168316
IQ 95% CI Lower: -.00398868
IQ 95% CI Upper: .00062236
Regression results summary: IQ_at: 8 , Exposure: Cholesterol_(chol) , Age: 15 , IQ_Coefficient: -.00168316 , IQ_95%_CI_Lower: -.00398868 , IQ_95%_CI_Upper: .00062236
===========================
z_chol_17 created with 12363 missing values
===============================================================================
Regression on: [regress z_chol_17 total_iq_8 age_17 i.sex i.ses]
===============================================================================

      Source |       SS           df       MS      Number of obs   =     2,473
-------------+----------------------------------   F(9, 2463)      =     26.34
       Model |  217.922234         9  24.2135815   Prob > F        =    0.0000
    Residual |  2264.13015     2,463  .919257066   R-squared       =    0.0878
-------------+----------------------------------   Adj R-squared   =    0.0845
       Total |  2482.05239     2,472   1.0040665   Root MSE        =    .95878

-------------------------------------------------------------------------------------------
                z_chol_17 | Coefficient  Std. err.      t    P>|t|     [95% conf. interval]
--------------------------+----------------------------------------------------------------
               total_iq_8 |   .0012421   .0012444     1.00   0.318     -.001198    .0036823
                   age_17 |   .0054179   .0042512     1.27   0.203    -.0029184    .0137542
                          |
                      sex |
                  Female  |   .5841732   .0387097    15.09   0.000     .5082663    .6600802
                          |
                      ses |
 II Managerial/Technical  |   .0281535   .0516365     0.55   0.586     -.073102    .1294089
IIINM Skilled Non-Manual  |   .0107184   .0621033     0.17   0.863    -.1110618    .1324985
     IIIM Skilled Manual  |  -.0261387   .0834574    -0.31   0.754    -.1897925    .1375151
       IV Partly Skilled  |   .0296681   .1199153     0.25   0.805    -.2054772    .2648134
             V Unskilled  |   .5169326   .3424903     1.51   0.131    -.1546661    1.188531
            Armed Forces  |  -.9583268   .9604685    -1.00   0.318    -2.841736    .9250824
                          |
                    _cons |  -1.595234   .9245589    -1.73   0.085    -3.408227     .217759
-------------------------------------------------------------------------------------------
===========================
Regression results:
IQ at: 8
Exposure: Cholesterol (chol)
Age: 17
IQ Coefficient: .00124214
IQ 95% CI Lower: -.00119804
IQ 95% CI Upper: .00368232
Regression results summary: IQ_at: 8 , Exposure: Cholesterol_(chol) , Age: 17 , IQ_Coefficient: .00124214 , IQ_95%_CI_Lower: -.00119804 , IQ_95%_CI_Upper: .00368232
===========================
z_chol_24 created with 12395 missing values
===============================================================================
Regression on: [regress z_chol_24 total_iq_8 age_24 i.sex i.ses]
===============================================================================

      Source |       SS           df       MS      Number of obs   =     2,366
-------------+----------------------------------   F(8, 2357)      =     20.02
       Model |  145.084058         8  18.1355073   Prob > F        =    0.0000
    Residual |  2135.25201     2,357  .905919395   R-squared       =    0.0636
-------------+----------------------------------   Adj R-squared   =    0.0604
       Total |  2280.33607     2,365  .964201299   Root MSE        =     .9518

-------------------------------------------------------------------------------------------
                z_chol_24 | Coefficient  Std. err.      t    P>|t|     [95% conf. interval]
--------------------------+----------------------------------------------------------------
               total_iq_8 |   .0003268   .0013115     0.25   0.803    -.0022451    .0028986
                   age_24 |   .0239437   .0020844    11.49   0.000     .0198563    .0280311
                          |
                      sex |
                  Female  |   .2083408   .0399119     5.22   0.000     .1300747    .2866068
                          |
                      ses |
 II Managerial/Technical  |  -.0376138   .0520741    -0.72   0.470    -.1397296    .0645021
IIINM Skilled Non-Manual  |  -.0000863   .0615371    -0.00   0.999    -.1207588    .1205863
     IIIM Skilled Manual  |   .1063167   .0872786     1.22   0.223    -.0648342    .2774676
       IV Partly Skilled  |   .1374015   .1391577     0.99   0.324    -.1354827    .4102857
             V Unskilled  |   .3344107    .478572     0.70   0.485    -.6040551    1.272877
                          |
                    _cons |  -7.195912   .6314446   -11.40   0.000    -8.434157   -5.957668
-------------------------------------------------------------------------------------------
===========================
Regression results:
IQ at: 8
Exposure: Cholesterol (chol)
Age: 24
IQ Coefficient: .00032677
IQ 95% CI Lower: -.00224509
IQ 95% CI Upper: .00289862
Regression results summary: IQ_at: 8 , Exposure: Cholesterol_(chol) , Age: 24 , IQ_Coefficient: .00032677 , IQ_95%_CI_Lower: -.00224509 , IQ_95%_CI_Upper: .00289862
===========================
file output/js_all_data_regress_iq8_chol_age_sex_ses.png saved as PNG format
      name:  <unnamed>
       log:  S:\ICS_Student_Projects\2024-25\Jocelyn\output/js_all_data_regress_iq8_chol_age_sex_ses.log
  log type:  text
 closed on:  30 Mar 2025, 23:27:02
-----------------------------------------------------------------------------------------------------------------------------------------------------------------------------------------
