-------------------------------------------------------------------------------------------------------------------------------------------------------------------------------------------------------------------------------------------------------
      name:  <unnamed>
       log:  S:\ICS_Student_Projects\2024-25\Jocelyn\output/js_all_data_regress_z_iq8_bp_sys_age_sex_ses.log
  log type:  text
 opened on:   4 May 2025, 09:00:14
z_total_iq_8 created with 8304 missing values
z_bp_sys_9 created with 8050 missing values
===============================================================================
Regression on: [regress z_bp_sys_9 z_total_iq_8 age_9 i.sex i.ses]
===============================================================================

      Source |       SS           df       MS      Number of obs   =     5,784
-------------+----------------------------------   F(8, 5775)      =      4.56
       Model |  35.2029839         8  4.40037298   Prob > F        =    0.0000
    Residual |  5569.10479     5,775   .96434715   R-squared       =    0.0063
-------------+----------------------------------   Adj R-squared   =    0.0049
       Total |  5604.30778     5,783  .969100428   Root MSE        =    .98201

-------------------------------------------------------------------------------------------
               z_bp_sys_9 | Coefficient  Std. err.      t    P>|t|     [95% conf. interval]
--------------------------+----------------------------------------------------------------
             z_total_iq_8 |  -.0239709   .0138454    -1.73   0.083    -.0511129    .0031712
                    age_9 |   .0129624    .003718     3.49   0.000     .0056738    .0202509
                          |
                      sex |
                  Female  |   .0470331   .0258459     1.82   0.069    -.0036346    .0977008
                          |
                      ses |
 II Managerial/Technical  |    .078176   .0378899     2.06   0.039     .0038975    .1524545
IIINM Skilled Non-Manual  |   .0902137   .0425763     2.12   0.034     .0067481    .1736793
     IIIM Skilled Manual  |   .1236879   .0541032     2.29   0.022     .0176253    .2297505
       IV Partly Skilled  |   .2232314   .0772179     2.89   0.004     .0718553    .3746075
             V Unskilled  |   .1407868   .2077737     0.68   0.498    -.2665275    .5481011
                          |
                    _cons |  -1.673195   .4405416    -3.80   0.000    -2.536822   -.8095688
-------------------------------------------------------------------------------------------
===========================
Regression results:
z_IQ at: 8
Exposure: Systolic_blood_pressure (bp_sys)
Age: 9
IQ Coefficient: -.02397086
IQ 95% CI Lower: -.05111294
IQ 95% CI Upper: .00317123
Regression results summary: z_IQ_at: 8 , Exposure: Systolic_blood_pressure_(bp_sys) , Age: 9 , IQ_Coefficient: -.02397086 , IQ_95%_CI_Lower: -.05111294 , IQ_95%_CI_Upper: .00317123
===========================
z_bp_sys_10 created with 8461 missing values
===============================================================================
Regression on: [regress z_bp_sys_10 z_total_iq_8 age_10 i.sex i.ses]
===============================================================================

      Source |       SS           df       MS      Number of obs   =     5,466
-------------+----------------------------------   F(8, 5457)      =      7.76
       Model |  60.0989425         8  7.51236782   Prob > F        =    0.0000
    Residual |  5279.85305     5,457  .967537668   R-squared       =    0.0113
-------------+----------------------------------   Adj R-squared   =    0.0098
       Total |    5339.952     5,465  .977118389   Root MSE        =    .98363

-------------------------------------------------------------------------------------------
              z_bp_sys_10 | Coefficient  Std. err.      t    P>|t|     [95% conf. interval]
--------------------------+----------------------------------------------------------------
             z_total_iq_8 |  -.0658596   .0143095    -4.60   0.000     -.093912   -.0378072
                   age_10 |   .0208402   .0047082     4.43   0.000     .0116102    .0300701
                          |
                      sex |
                  Female  |   .0580086   .0266434     2.18   0.030     .0057769    .1102404
                          |
                      ses |
 II Managerial/Technical  |    .051991   .0388189     1.34   0.181    -.0241095    .1280914
IIINM Skilled Non-Manual  |   .0803258   .0437537     1.84   0.066    -.0054489    .1661006
     IIIM Skilled Manual  |    .060675   .0558931     1.09   0.278    -.0488978    .1702478
       IV Partly Skilled  |   .0923263   .0802982     1.15   0.250    -.0650902    .2497428
             V Unskilled  |    .234434   .2179004     1.08   0.282    -.1927377    .6616056
                          |
                    _cons |  -2.782423   .6010053    -4.63   0.000    -3.960633   -1.604213
-------------------------------------------------------------------------------------------
===========================
Regression results:
z_IQ at: 8
Exposure: Systolic_blood_pressure (bp_sys)
Age: 10
IQ Coefficient: -.06585958
IQ 95% CI Lower: -.09391196
IQ 95% CI Upper: -.03780719
Regression results summary: z_IQ_at: 8 , Exposure: Systolic_blood_pressure_(bp_sys) , Age: 10 , IQ_Coefficient: -.06585958 , IQ_95%_CI_Lower: -.09391196 , IQ_95%_CI_Upper: -.03780719
===========================
z_bp_sys_11 created with 8612 missing values
===============================================================================
Regression on: [regress z_bp_sys_11 z_total_iq_8 age_11 i.sex i.ses]
===============================================================================

      Source |       SS           df       MS      Number of obs   =     5,315
-------------+----------------------------------   F(8, 5306)      =      3.57
       Model |  27.7827698         8  3.47284622   Prob > F        =    0.0004
    Residual |  5157.50922     5,306  .972014553   R-squared       =    0.0054
-------------+----------------------------------   Adj R-squared   =    0.0039
       Total |  5185.29199     5,314  .975779448   Root MSE        =    .98591

-------------------------------------------------------------------------------------------
              z_bp_sys_11 | Coefficient  Std. err.      t    P>|t|     [95% conf. interval]
--------------------------+----------------------------------------------------------------
             z_total_iq_8 |  -.0311043   .0144833    -2.15   0.032    -.0594976    -.002711
                   age_11 |  -.0033419   .0051852    -0.64   0.519     -.013507    .0068232
                          |
                      sex |
                  Female  |   .1126978   .0270726     4.16   0.000     .0596243    .1657713
                          |
                      ses |
 II Managerial/Technical  |   .0612853   .0394362     1.55   0.120    -.0160259    .1385965
IIINM Skilled Non-Manual  |   .0412167   .0443719     0.93   0.353    -.0457704    .1282038
     IIIM Skilled Manual  |   .0058652   .0566966     0.10   0.918    -.1052835    .1170139
       IV Partly Skilled  |   .1382822   .0831039     1.66   0.096    -.0246356       .3012
             V Unskilled  |    .015844    .218362     0.07   0.942    -.4122353    .4439233
                          |
                    _cons |   .3442702   .7305936     0.47   0.638    -1.087994    1.776534
-------------------------------------------------------------------------------------------
===========================
Regression results:
z_IQ at: 8
Exposure: Systolic_blood_pressure (bp_sys)
Age: 11
IQ Coefficient: -.03110428
IQ 95% CI Lower: -.05949756
IQ 95% CI Upper: -.00271101
Regression results summary: z_IQ_at: 8 , Exposure: Systolic_blood_pressure_(bp_sys) , Age: 11 , IQ_Coefficient: -.03110428 , IQ_95%_CI_Lower: -.05949756 , IQ_95%_CI_Upper: -.00271101
===========================
z_bp_sys_12 created with 8897 missing values
===============================================================================
Regression on: [regress z_bp_sys_12 z_total_iq_8 age_12 i.sex i.ses]
===============================================================================

      Source |       SS           df       MS      Number of obs   =     5,143
-------------+----------------------------------   F(8, 5134)      =      2.30
       Model |  17.7504227         8  2.21880283   Prob > F        =    0.0187
    Residual |  4959.00488     5,134  .965914469   R-squared       =    0.0036
-------------+----------------------------------   Adj R-squared   =    0.0020
       Total |  4976.75531     5,142  .967863731   Root MSE        =    .98281

-------------------------------------------------------------------------------------------
              z_bp_sys_12 | Coefficient  Std. err.      t    P>|t|     [95% conf. interval]
--------------------------+----------------------------------------------------------------
             z_total_iq_8 |  -.0187926   .0146351    -1.28   0.199    -.0474836    .0098983
                   age_12 |    .016863   .0053083     3.18   0.001     .0064564    .0272696
                          |
                      sex |
                  Female  |  -.0335504   .0274486    -1.22   0.222    -.0873614    .0202607
                          |
                      ses |
 II Managerial/Technical  |   .0600679   .0397107     1.51   0.130     -.017782    .1379179
IIINM Skilled Non-Manual  |   .0686432   .0448545     1.53   0.126    -.0192907    .1565771
     IIIM Skilled Manual  |   .0648323   .0576032     1.13   0.260    -.0480946    .1777591
       IV Partly Skilled  |   .0048102   .0843393     0.06   0.955    -.1605309    .1701512
             V Unskilled  |  -.0616319   .2178513    -0.28   0.777    -.4887133    .3654496
                          |
                    _cons |  -2.648643   .8168667    -3.24   0.001     -4.25005   -1.047236
-------------------------------------------------------------------------------------------
===========================
Regression results:
z_IQ at: 8
Exposure: Systolic_blood_pressure (bp_sys)
Age: 12
IQ Coefficient: -.01879262
IQ 95% CI Lower: -.04748357
IQ 95% CI Upper: .00989833
Regression results summary: z_IQ_at: 8 , Exposure: Systolic_blood_pressure_(bp_sys) , Age: 12 , IQ_Coefficient: -.01879262 , IQ_95%_CI_Lower: -.04748357 , IQ_95%_CI_Upper: .00989833
===========================
z_bp_sys_13 created with 10275 missing values
===============================================================================
Regression on: [regress z_bp_sys_13 z_total_iq_8 age_13 i.sex i.ses]
===============================================================================

      Source |       SS           df       MS      Number of obs   =     4,157
-------------+----------------------------------   F(9, 4147)      =      6.83
       Model |  58.9966666         9  6.55518517   Prob > F        =    0.0000
    Residual |  3982.70302     4,147  .960381726   R-squared       =    0.0146
-------------+----------------------------------   Adj R-squared   =    0.0125
       Total |  4041.69968     4,156  .972497518   Root MSE        =    .97999

-------------------------------------------------------------------------------------------
              z_bp_sys_13 | Coefficient  Std. err.      t    P>|t|     [95% conf. interval]
--------------------------+----------------------------------------------------------------
             z_total_iq_8 |  -.0297336   .0162569    -1.83   0.067    -.0616058    .0021386
                   age_13 |   .0202209   .0064025     3.16   0.002     .0076685    .0327733
                          |
                      sex |
                  Female  |  -.2045814   .0304343    -6.72   0.000    -.2642489   -.1449138
                          |
                      ses |
 II Managerial/Technical  |   .0478374   .0434123     1.10   0.271     -.037274    .1329487
IIINM Skilled Non-Manual  |   .0117352   .0496344     0.24   0.813    -.0855748    .1090453
     IIIM Skilled Manual  |   .0257509   .0644546     0.40   0.690    -.1006146    .1521164
       IV Partly Skilled  |   .0570088   .0932471     0.61   0.541    -.1258056    .2398232
             V Unskilled  |   .1233003   .3488271     0.35   0.724    -.5605878    .8071884
            Armed Forces  |  -.0381827   .9809765    -0.04   0.969    -1.961423    1.885057
                          |
                    _cons |   -3.30231   1.063119    -3.11   0.002    -5.386594   -1.218026
-------------------------------------------------------------------------------------------
===========================
Regression results:
z_IQ at: 8
Exposure: Systolic_blood_pressure (bp_sys)
Age: 13
IQ Coefficient: -.02973363
IQ 95% CI Lower: -.06160583
IQ 95% CI Upper: .00213858
Regression results summary: z_IQ_at: 8 , Exposure: Systolic_blood_pressure_(bp_sys) , Age: 13 , IQ_Coefficient: -.02973363 , IQ_95%_CI_Lower: -.06160583 , IQ_95%_CI_Upper: .00213858
===========================
z_bp_sys_15 created with 10333 missing values
===============================================================================
Regression on: [regress z_bp_sys_15 z_total_iq_8 age_15 i.sex i.ses]
===============================================================================

      Source |       SS           df       MS      Number of obs   =     4,121
-------------+----------------------------------   F(9, 4111)      =     30.10
       Model |  250.229386         9  27.8032651   Prob > F        =    0.0000
    Residual |  3797.53851     4,111  .923750549   R-squared       =    0.0618
-------------+----------------------------------   Adj R-squared   =    0.0598
       Total |  4047.76789     4,120  .982467935   Root MSE        =    .96112

-------------------------------------------------------------------------------------------
              z_bp_sys_15 | Coefficient  Std. err.      t    P>|t|     [95% conf. interval]
--------------------------+----------------------------------------------------------------
             z_total_iq_8 |   .0297546   .0160924     1.85   0.065    -.0017952    .0613044
                   age_15 |    .006665   .0042773     1.56   0.119    -.0017209    .0150508
                          |
                      sex |
                  Female  |  -.4850967   .0300521   -16.14   0.000    -.5440151   -.4261783
                          |
                      ses |
 II Managerial/Technical  |   .0679133   .0420355     1.62   0.106     -.014499    .1503256
IIINM Skilled Non-Manual  |   .0509186    .048569     1.05   0.295    -.0443029    .1461402
     IIIM Skilled Manual  |   .0233286   .0641327     0.36   0.716    -.1024062    .1490634
       IV Partly Skilled  |    .046353   .0935015     0.50   0.620    -.1369606    .2296666
             V Unskilled  |   -.012931   .2600929    -0.05   0.960    -.5228539    .4969918
            Armed Forces  |   .9223503   .9620651     0.96   0.338    -.9638179    2.808518
                          |
                    _cons |  -1.028265   .7921839    -1.30   0.194    -2.581374     .524844
-------------------------------------------------------------------------------------------
===========================
Regression results:
z_IQ at: 8
Exposure: Systolic_blood_pressure (bp_sys)
Age: 15
IQ Coefficient: .02975457
IQ 95% CI Lower: -.00179525
IQ 95% CI Upper: .06130438
Regression results summary: z_IQ_at: 8 , Exposure: Systolic_blood_pressure_(bp_sys) , Age: 15 , IQ_Coefficient: .02975457 , IQ_95%_CI_Lower: -.00179525 , IQ_95%_CI_Upper: .06130438
===========================
z_bp_sys_17 created with 10974 missing values
===============================================================================
Regression on: [regress z_bp_sys_17 z_total_iq_8 age_17 i.sex i.ses]
===============================================================================

      Source |       SS           df       MS      Number of obs   =     3,522
-------------+----------------------------------   F(9, 3512)      =    118.14
       Model |  794.474622         9   88.274958   Prob > F        =    0.0000
    Residual |  2624.25404     3,512  .747224954   R-squared       =    0.2324
-------------+----------------------------------   Adj R-squared   =    0.2304
       Total |  3418.72866     3,521  .970953894   Root MSE        =    .86442

-------------------------------------------------------------------------------------------
              z_bp_sys_17 | Coefficient  Std. err.      t    P>|t|     [95% conf. interval]
--------------------------+----------------------------------------------------------------
             z_total_iq_8 |  -.0241414   .0155628    -1.55   0.121    -.0546544    .0063717
                   age_17 |  -.0033087   .0032828    -1.01   0.314     -.009745    .0031275
                          |
                      sex |
                  Female  |  -.9523569   .0293894   -32.40   0.000    -1.009979   -.8947349
                          |
                      ses |
 II Managerial/Technical  |   .1130779    .040057     2.82   0.005     .0345407    .1916152
IIINM Skilled Non-Manual  |   .1032021   .0470179     2.19   0.028      .011017    .1953872
     IIIM Skilled Manual  |    .168669   .0622589     2.71   0.007     .0466017    .2907363
       IV Partly Skilled  |   .1282753   .0899707     1.43   0.154    -.0481248    .3046754
             V Unskilled  |   .3337528   .2525093     1.32   0.186     -.161327    .8288325
            Armed Forces  |  -1.257628   .8655442    -1.45   0.146    -2.954648    .4393923
                          |
                    _cons |   1.134353   .7003517     1.62   0.105     -.238784     2.50749
-------------------------------------------------------------------------------------------
===========================
Regression results:
z_IQ at: 8
Exposure: Systolic_blood_pressure (bp_sys)
Age: 17
IQ Coefficient: -.02414138
IQ 95% CI Lower: -.05465443
IQ 95% CI Upper: .00637167
Regression results summary: z_IQ_at: 8 , Exposure: Systolic_blood_pressure_(bp_sys) , Age: 17 , IQ_Coefficient: -.02414138 , IQ_95%_CI_Lower: -.05465443 , IQ_95%_CI_Upper: .00637167
===========================
z_bp_sys_24 created with 11652 missing values
===============================================================================
Regression on: [regress z_bp_sys_24 z_total_iq_8 age_24 i.sex i.ses]
===============================================================================

      Source |       SS           df       MS      Number of obs   =     2,906
-------------+----------------------------------   F(8, 2897)      =    116.03
       Model |  712.373387         8  89.0466734   Prob > F        =    0.0000
    Residual |  2223.26988     2,897  .767438687   R-squared       =    0.2427
-------------+----------------------------------   Adj R-squared   =    0.2406
       Total |  2935.64326     2,905  1.01054846   Root MSE        =    .87604

-------------------------------------------------------------------------------------------
              z_bp_sys_24 | Coefficient  Std. err.      t    P>|t|     [95% conf. interval]
--------------------------+----------------------------------------------------------------
             z_total_iq_8 |  -.0385159   .0177551    -2.17   0.030    -.0733299   -.0037019
                   age_24 |  -.0057337   .0017263    -3.32   0.001    -.0091186   -.0023487
                          |
                      sex |
                  Female  |  -1.017487   .0335042   -30.37   0.000    -1.083181   -.9517923
                          |
                      ses |
 II Managerial/Technical  |   .0103536   .0436183     0.24   0.812    -.0751724    .0958795
IIINM Skilled Non-Manual  |   .0298597   .0511503     0.58   0.559     -.070435    .1301544
     IIIM Skilled Manual  |    .058806   .0708749     0.83   0.407    -.0801642    .1977763
       IV Partly Skilled  |   .0839301   .1142339     0.73   0.463    -.1400578     .307918
             V Unskilled  |   .0442554   .3600068     0.12   0.902      -.66164    .7501507
                          |
                    _cons |   2.303982   .5107882     4.51   0.000     1.302437    3.305527
-------------------------------------------------------------------------------------------
===========================
Regression results:
z_IQ at: 8
Exposure: Systolic_blood_pressure (bp_sys)
Age: 24
IQ Coefficient: -.03851591
IQ 95% CI Lower: -.07332989
IQ 95% CI Upper: -.00370192
Regression results summary: z_IQ_at: 8 , Exposure: Systolic_blood_pressure_(bp_sys) , Age: 24 , IQ_Coefficient: -.03851591 , IQ_95%_CI_Lower: -.07332989 , IQ_95%_CI_Upper: -.00370192
===========================
file output/js_all_data_regress_z_iq8_bp_sys_age_sex_ses.png saved as PNG format
      name:  <unnamed>
       log:  S:\ICS_Student_Projects\2024-25\Jocelyn\output/js_all_data_regress_z_iq8_bp_sys_age_sex_ses.log
  log type:  text
 closed on:   4 May 2025, 09:00:15
-------------------------------------------------------------------------------------------------------------------------------------------------------------------------------------------------------------------------------------------------------
