-----------------------------------------------------------------------------------------------------------------------------------------------------------------------------------------
      name:  <unnamed>
       log:  S:\ICS_Student_Projects\2024-25\Jocelyn\output/js_all_data_regress_iq8_bmi_age_sex_ses.log
  log type:  text
 opened on:  30 Mar 2025, 23:26:34
z_bmi_9 created with 8017 missing values
===============================================================================
Regression on: [regress z_bmi_9 total_iq_8 age_9 i.sex i.ses]
===============================================================================

      Source |       SS           df       MS      Number of obs   =     5,802
-------------+----------------------------------   F(8, 5793)      =     12.27
       Model |  89.5446192         8  11.1930774   Prob > F        =    0.0000
    Residual |  5283.69693     5,793  .912083019   R-squared       =    0.0167
-------------+----------------------------------   Adj R-squared   =    0.0153
       Total |  5373.24155     5,801  .926261257   Root MSE        =    .95503

-------------------------------------------------------------------------------------------
                  z_bmi_9 | Coefficient  Std. err.      t    P>|t|     [95% conf. interval]
--------------------------+----------------------------------------------------------------
               total_iq_8 |  -.0021117   .0008125    -2.60   0.009    -.0037046   -.0005189
                    age_9 |   .0211921   .0036169     5.86   0.000     .0141015    .0282826
                          |
                      sex |
                  Female  |   .1475432   .0250945     5.88   0.000     .0983485    .1967378
                          |
                      ses |
 II Managerial/Technical  |   .0964773   .0367584     2.62   0.009     .0244172    .1685374
IIINM Skilled Non-Manual  |   .0983985   .0413041     2.38   0.017      .017427    .1793699
     IIIM Skilled Manual  |   .1526489    .052504     2.91   0.004     .0497215    .2555763
       IV Partly Skilled  |   .1009687    .075306     1.34   0.180    -.0466592    .2485967
             V Unskilled  |    .264355   .1979851     1.34   0.182    -.1237698    .6524798
                          |
                    _cons |   -2.48169   .4456323    -5.57   0.000    -3.355295   -1.608084
-------------------------------------------------------------------------------------------
===========================
Regression results:
IQ at: 8
Exposure: BMI (bmi)
Age: 9
IQ Coefficient: -.00211174
IQ 95% CI Lower: -.0037046
IQ 95% CI Upper: -.00051888
Regression results summary: IQ_at: 8 , Exposure: BMI_(bmi) , Age: 9 , IQ_Coefficient: -.00211174 , IQ_95%_CI_Lower: -.0037046 , IQ_95%_CI_Upper: -.00051888
===========================
z_bmi_10 created with 8186 missing values
===============================================================================
Regression on: [regress z_bmi_10 total_iq_8 age_10 i.sex i.ses]
===============================================================================

      Source |       SS           df       MS      Number of obs   =     5,672
-------------+----------------------------------   F(8, 5663)      =      7.70
       Model |  56.6867004         8  7.08583754   Prob > F        =    0.0000
    Residual |  5214.08085     5,663   .92072768   R-squared       =    0.0108
-------------+----------------------------------   Adj R-squared   =    0.0094
       Total |  5270.76755     5,671  .929424714   Root MSE        =    .95955

-------------------------------------------------------------------------------------------
                 z_bmi_10 | Coefficient  Std. err.      t    P>|t|     [95% conf. interval]
--------------------------+----------------------------------------------------------------
               total_iq_8 |   -.002382   .0008247    -2.89   0.004    -.0039987   -.0007653
                   age_10 |   .0160612   .0045392     3.54   0.000     .0071627    .0249598
                          |
                      sex |
                  Female  |    .117921    .025504     4.62   0.000     .0679233    .1679187
                          |
                      ses |
 II Managerial/Technical  |   .0800191   .0372719     2.15   0.032     .0069519    .1530863
IIINM Skilled Non-Manual  |   .0925885   .0419529     2.21   0.027     .0103448    .1748323
     IIIM Skilled Manual  |   .1378659   .0535258     2.58   0.010     .0329349    .2427969
       IV Partly Skilled  |   .1498137   .0767809     1.95   0.051    -.0007063    .3003337
             V Unskilled  |   .1436632   .2032321     0.71   0.480    -.2547496     .542076
                          |
                    _cons |  -1.966921   .5918605    -3.32   0.001    -3.127194   -.8066474
-------------------------------------------------------------------------------------------
===========================
Regression results:
IQ at: 8
Exposure: BMI (bmi)
Age: 10
IQ Coefficient: -.00238196
IQ 95% CI Lower: -.00399866
IQ 95% CI Upper: -.00076527
Regression results summary: IQ_at: 8 , Exposure: BMI_(bmi) , Age: 10 , IQ_Coefficient: -.00238196 , IQ_95%_CI_Lower: -.00399866 , IQ_95%_CI_Upper: -.00076527
===========================
z_bmi_11 created with 8551 missing values
===============================================================================
Regression on: [regress z_bmi_11 total_iq_8 age_11 i.sex i.ses]
===============================================================================

      Source |       SS           df       MS      Number of obs   =     5,374
-------------+----------------------------------   F(8, 5365)      =     11.49
       Model |  84.9465259         8  10.6183157   Prob > F        =    0.0000
    Residual |  4959.74799     5,365  .924463745   R-squared       =    0.0168
-------------+----------------------------------   Adj R-squared   =    0.0154
       Total |  5044.69452     5,373  .938897175   Root MSE        =    .96149

-------------------------------------------------------------------------------------------
                 z_bmi_11 | Coefficient  Std. err.      t    P>|t|     [95% conf. interval]
--------------------------+----------------------------------------------------------------
               total_iq_8 |  -.0034346   .0008487    -4.05   0.000    -.0050984   -.0017708
                   age_11 |   .0220757   .0050706     4.35   0.000     .0121352    .0320161
                          |
                      sex |
                  Female  |   .1395528   .0262529     5.32   0.000     .0880864    .1910192
                          |
                      ses |
 II Managerial/Technical  |   .1203153   .0381879     3.15   0.002     .0454516    .1951791
IIINM Skilled Non-Manual  |    .126363   .0430001     2.94   0.003     .0420653    .2106608
     IIIM Skilled Manual  |   .1796505   .0549746     3.27   0.001      .071878    .2874231
       IV Partly Skilled  |   .1539505   .0805404     1.91   0.056    -.0039413    .3118423
             V Unskilled  |   .1609229   .2129068     0.76   0.450    -.2564609    .5783068
                          |
                    _cons |  -2.957194   .7246235    -4.08   0.000     -4.37775   -1.536637
-------------------------------------------------------------------------------------------
===========================
Regression results:
IQ at: 8
Exposure: BMI (bmi)
Age: 11
IQ Coefficient: -.00343458
IQ 95% CI Lower: -.00509837
IQ 95% CI Upper: -.00177079
Regression results summary: IQ_at: 8 , Exposure: BMI_(bmi) , Age: 11 , IQ_Coefficient: -.00343458 , IQ_95%_CI_Lower: -.00509837 , IQ_95%_CI_Upper: -.00177079
===========================
z_bmi_12 created with 8946 missing values
===============================================================================
Regression on: [regress z_bmi_12 total_iq_8 age_12 i.sex i.ses]
===============================================================================

      Source |       SS           df       MS      Number of obs   =     5,109
-------------+----------------------------------   F(8, 5100)      =     10.45
       Model |  78.7191248         8   9.8398906   Prob > F        =    0.0000
    Residual |  4801.83395     5,100   .94153607   R-squared       =    0.0161
-------------+----------------------------------   Adj R-squared   =    0.0146
       Total |  4880.55308     5,108  .955472412   Root MSE        =    .97033

-------------------------------------------------------------------------------------------
                 z_bmi_12 | Coefficient  Std. err.      t    P>|t|     [95% conf. interval]
--------------------------+----------------------------------------------------------------
               total_iq_8 |  -.0029107   .0008783    -3.31   0.001    -.0046325   -.0011889
                   age_12 |   .0104393   .0052914     1.97   0.049     .0000658    .0208128
                          |
                      sex |
                  Female  |   .1554905   .0271894     5.72   0.000     .1021876    .2087934
                          |
                      ses |
 II Managerial/Technical  |   .0891422   .0391933     2.27   0.023     .0123065    .1659778
IIINM Skilled Non-Manual  |   .1541563   .0442862     3.48   0.001     .0673364    .2409763
     IIIM Skilled Manual  |   .2165524   .0569009     3.81   0.000     .1050022    .3281026
       IV Partly Skilled  |   .2470227   .0838404     2.95   0.003     .0826595    .4113859
             V Unskilled  |   .1821897   .2150738     0.85   0.397    -.2394473    .6038267
                          |
                    _cons |  -1.510872   .8229408    -1.84   0.066    -3.124189     .102445
-------------------------------------------------------------------------------------------
===========================
Regression results:
IQ at: 8
Exposure: BMI (bmi)
Age: 12
IQ Coefficient: -.00291073
IQ 95% CI Lower: -.00463255
IQ 95% CI Upper: -.00118892
Regression results summary: IQ_at: 8 , Exposure: BMI_(bmi) , Age: 12 , IQ_Coefficient: -.00291073 , IQ_95%_CI_Lower: -.00463255 , IQ_95%_CI_Upper: -.00118892
===========================
z_bmi_13 created with 9532 missing values
===============================================================================
Regression on: [regress z_bmi_13 total_iq_8 age_13 i.sex i.ses]
===============================================================================

      Source |       SS           df       MS      Number of obs   =     4,750
-------------+----------------------------------   F(9, 4740)      =     12.17
       Model |  99.8962281         9  11.0995809   Prob > F        =    0.0000
    Residual |  4323.80045     4,740  .912194188   R-squared       =    0.0226
-------------+----------------------------------   Adj R-squared   =    0.0207
       Total |  4423.69668     4,749   .93150067   Root MSE        =    .95509

-------------------------------------------------------------------------------------------
                 z_bmi_13 | Coefficient  Std. err.      t    P>|t|     [95% conf. interval]
--------------------------+----------------------------------------------------------------
               total_iq_8 |  -.0029612   .0008993    -3.29   0.001    -.0047242   -.0011982
                   age_13 |   .0124747   .0059132     2.11   0.035     .0008821    .0240672
                          |
                      sex |
                  Female  |   .2049921   .0277459     7.39   0.000     .1505972     .259387
                          |
                      ses |
 II Managerial/Technical  |   .1017634   .0396043     2.57   0.010     .0241205    .1794062
IIINM Skilled Non-Manual  |   .1293607   .0451886     2.86   0.004       .04077    .2179513
     IIIM Skilled Manual  |   .2827171   .0588717     4.80   0.000     .1673012     .398133
       IV Partly Skilled  |   .1805108   .0851811     2.12   0.034     .0135162    .3475053
             V Unskilled  |   .2923289    .267408     1.09   0.274     -.231915    .8165728
            Armed Forces  |  -.1461661   .9559322    -0.15   0.878    -2.020237    1.727905
                          |
                    _cons |  -2.004553    .990652    -2.02   0.043    -3.946691   -.0624147
-------------------------------------------------------------------------------------------
===========================
Regression results:
IQ at: 8
Exposure: BMI (bmi)
Age: 13
IQ Coefficient: -.00296118
IQ 95% CI Lower: -.0047242
IQ 95% CI Upper: -.00119815
Regression results summary: IQ_at: 8 , Exposure: BMI_(bmi) , Age: 13 , IQ_Coefficient: -.00296118 , IQ_95%_CI_Lower: -.0047242 , IQ_95%_CI_Upper: -.00119815
===========================
z_bmi_15 created with 10235 missing values
===============================================================================
Regression on: [regress z_bmi_15 total_iq_8 age_15 i.sex i.ses]
===============================================================================

      Source |       SS           df       MS      Number of obs   =     4,197
-------------+----------------------------------   F(9, 4187)      =     12.26
       Model |  99.0021022         9  11.0002336   Prob > F        =    0.0000
    Residual |  3756.61726     4,187  .897209759   R-squared       =    0.0257
-------------+----------------------------------   Adj R-squared   =    0.0236
       Total |  3855.61936     4,196  .918879734   Root MSE        =    .94721

-------------------------------------------------------------------------------------------
                 z_bmi_15 | Coefficient  Std. err.      t    P>|t|     [95% conf. interval]
--------------------------+----------------------------------------------------------------
               total_iq_8 |  -.0029356   .0009476    -3.10   0.002    -.0047934   -.0010778
                   age_15 |   .0185455   .0042061     4.41   0.000     .0102993    .0267916
                          |
                      sex |
                  Female  |   .1803873   .0293442     6.15   0.000     .1228571    .2379175
                          |
                      ses |
 II Managerial/Technical  |   .1198983    .041052     2.92   0.004     .0394145     .200382
IIINM Skilled Non-Manual  |   .1716965   .0474288     3.62   0.000     .0787108    .2646822
     IIIM Skilled Manual  |   .2732128   .0628193     4.35   0.000     .1500536     .396372
       IV Partly Skilled  |   .2224374   .0917149     2.43   0.015     .0426275    .4022473
             V Unskilled  |  -.1565942   .2657386    -0.59   0.556    -.6775828    .3643945
            Armed Forces  |  -.3955636   .9481286    -0.42   0.677    -2.254399    1.463272
                          |
                    _cons |  -3.380924   .7888117    -4.29   0.000    -4.927414   -1.834434
-------------------------------------------------------------------------------------------
===========================
Regression results:
IQ at: 8
Exposure: BMI (bmi)
Age: 15
IQ Coefficient: -.00293563
IQ 95% CI Lower: -.00479343
IQ 95% CI Upper: -.00107783
Regression results summary: IQ_at: 8 , Exposure: BMI_(bmi) , Age: 15 , IQ_Coefficient: -.00293563 , IQ_95%_CI_Lower: -.00479343 , IQ_95%_CI_Upper: -.00107783
===========================
z_bmi_17 created with 10588 missing values
===============================================================================
Regression on: [regress z_bmi_17 total_iq_8 age_17 i.sex i.ses]
===============================================================================

      Source |       SS           df       MS      Number of obs   =     3,755
-------------+----------------------------------   F(9, 3745)      =      6.33
       Model |   52.189525         9  5.79883611   Prob > F        =    0.0000
    Residual |  3429.46598     3,745  .915745256   R-squared       =    0.0150
-------------+----------------------------------   Adj R-squared   =    0.0126
       Total |  3481.65551     3,754  .927452187   Root MSE        =    .95695

-------------------------------------------------------------------------------------------
                 z_bmi_17 | Coefficient  Std. err.      t    P>|t|     [95% conf. interval]
--------------------------+----------------------------------------------------------------
               total_iq_8 |  -.0035725   .0010097    -3.54   0.000     -.005552   -.0015929
                   age_17 |   .0085353   .0031954     2.67   0.008     .0022703    .0148003
                          |
                      sex |
                  Female  |   .0393536   .0314992     1.25   0.212    -.0224035    .1011108
                          |
                      ses |
 II Managerial/Technical  |   .1175598   .0429595     2.74   0.006     .0333335    .2017861
IIINM Skilled Non-Manual  |   .1406268    .050255     2.80   0.005      .042097    .2391566
     IIIM Skilled Manual  |   .2403506   .0667691     3.60   0.000     .1094433    .3712579
       IV Partly Skilled  |   .2895391   .0973228     2.98   0.003     .0987281      .48035
             V Unskilled  |   .4165841   .2688111     1.55   0.121    -.1104463    .9436145
            Armed Forces  |  -.1780206   .9580757    -0.19   0.853    -2.056422     1.70038
                          |
                    _cons |  -1.623098   .6967694    -2.33   0.020    -2.989182   -.2570132
-------------------------------------------------------------------------------------------
===========================
Regression results:
IQ at: 8
Exposure: BMI (bmi)
Age: 17
IQ Coefficient: -.00357248
IQ 95% CI Lower: -.00555205
IQ 95% CI Upper: -.00159291
Regression results summary: IQ_at: 8 , Exposure: BMI_(bmi) , Age: 17 , IQ_Coefficient: -.00357248 , IQ_95%_CI_Lower: -.00555205 , IQ_95%_CI_Upper: -.00159291
===========================
z_bmi_24 created with 11672 missing values
===============================================================================
Regression on: [regress z_bmi_24 total_iq_8 age_24 i.sex i.ses]
===============================================================================

      Source |       SS           df       MS      Number of obs   =     2,893
-------------+----------------------------------   F(8, 2884)      =      8.17
       Model |  59.5214431         8  7.44018039   Prob > F        =    0.0000
    Residual |  2625.15729     2,884  .910248712   R-squared       =    0.0222
-------------+----------------------------------   Adj R-squared   =    0.0195
       Total |  2684.67873     2,892  .928312147   Root MSE        =    .95407

-------------------------------------------------------------------------------------------
                 z_bmi_24 | Coefficient  Std. err.      t    P>|t|     [95% conf. interval]
--------------------------+----------------------------------------------------------------
               total_iq_8 |  -.0051538   .0011736    -4.39   0.000     -.007455   -.0028526
                   age_24 |   .0045494   .0018864     2.41   0.016     .0008506    .0082482
                          |
                      sex |
                  Female  |  -.0137874   .0365667    -0.38   0.706    -.0854869    .0579121
                          |
                      ses |
 II Managerial/Technical  |   .1216954   .0475025     2.56   0.010     .0285532    .2148376
IIINM Skilled Non-Manual  |   .1617957   .0558603     2.90   0.004     .0522657    .2713258
     IIIM Skilled Manual  |   .3490095   .0771631     4.52   0.000      .197709    .5003099
       IV Partly Skilled  |   .3377465   .1236761     2.73   0.006     .0952439     .580249
             V Unskilled  |    .591618   .3920762     1.51   0.131    -.1771598    1.360396
                          |
                    _cons |  -.9382238   .5688243    -1.65   0.099    -2.053567    .1771194
-------------------------------------------------------------------------------------------
===========================
Regression results:
IQ at: 8
Exposure: BMI (bmi)
Age: 24
IQ Coefficient: -.00515377
IQ 95% CI Lower: -.00745496
IQ 95% CI Upper: -.00285257
Regression results summary: IQ_at: 8 , Exposure: BMI_(bmi) , Age: 24 , IQ_Coefficient: -.00515377 , IQ_95%_CI_Lower: -.00745496 , IQ_95%_CI_Upper: -.00285257
===========================
file output/js_all_data_regress_iq8_bmi_age_sex_ses.png saved as PNG format
      name:  <unnamed>
       log:  S:\ICS_Student_Projects\2024-25\Jocelyn\output/js_all_data_regress_iq8_bmi_age_sex_ses.log
  log type:  text
 closed on:  30 Mar 2025, 23:26:55
-----------------------------------------------------------------------------------------------------------------------------------------------------------------------------------------
