-----------------------------------------------------------------------------------------------------------------------------------------------------------------------------------------
      name:  <unnamed>
       log:  S:\ICS_Student_Projects\2024-25\Jocelyn\output/js_all_data_regress_iq8_glc_meta_age_sex_ses.log
  log type:  text
 opened on:  30 Mar 2025, 23:27:06
z_glc_meta_9 created with 10156 missing values
===============================================================================
Regression on: [regress z_glc_meta_9 total_iq_8 age_9 i.sex i.ses]
===============================================================================

      Source |       SS           df       MS      Number of obs   =     3,779
-------------+----------------------------------   F(8, 3770)      =      4.55
       Model |  36.7902851         8  4.59878564   Prob > F        =    0.0000
    Residual |  3811.18344     3,770  1.01092399   R-squared       =    0.0096
-------------+----------------------------------   Adj R-squared   =    0.0075
       Total |  3847.97373     3,778  1.01852137   Root MSE        =    1.0054

-------------------------------------------------------------------------------------------
             z_glc_meta_9 | Coefficient  Std. err.      t    P>|t|     [95% conf. interval]
--------------------------+----------------------------------------------------------------
               total_iq_8 |  -.0013726   .0010713    -1.28   0.200    -.0034728    .0007277
                    age_9 |  -.0033643   .0047951    -0.70   0.483    -.0127656     .006037
                          |
                      sex |
                  Female  |  -.1452151    .032737    -4.44   0.000     -.209399   -.0810311
                          |
                      ses |
 II Managerial/Technical  |   .0777571   .0465401     1.67   0.095    -.0134891    .1690034
IIINM Skilled Non-Manual  |    .158074   .0530031     2.98   0.003     .0541565    .2619915
     IIIM Skilled Manual  |   .0251544   .0678669     0.37   0.711    -.1079049    .1582138
       IV Partly Skilled  |   .0551994   .0957431     0.58   0.564    -.1325139    .2429128
             V Unskilled  |    .487704   .3063697     1.59   0.111    -.1129624     1.08837
                          |
                    _cons |    .540913   .5888394     0.92   0.358    -.6135616    1.695388
-------------------------------------------------------------------------------------------
===========================
Regression results:
IQ at: 8
Exposure: Glucose_metabolism (glc_meta)
Age: 9
IQ Coefficient: -.00137256
IQ 95% CI Lower: -.00347285
IQ 95% CI Upper: .00072773
Regression results summary: IQ_at: 8 , Exposure: Glucose_metabolism_(glc_meta) , Age: 9 , IQ_Coefficient: -.00137256 , IQ_95%_CI_Lower: -.00347285 , IQ_95%_CI_Upper: .00072773
===========================
z_glc_meta_15 created with 12288 missing values
===============================================================================
Regression on: [regress z_glc_meta_15 total_iq_8 age_15 i.sex i.ses]
===============================================================================

      Source |       SS           df       MS      Number of obs   =     2,593
-------------+----------------------------------   F(9, 2583)      =     14.74
       Model |  108.871793         9  12.0968659   Prob > F        =    0.0000
    Residual |  2120.21758     2,583  .820835301   R-squared       =    0.0488
-------------+----------------------------------   Adj R-squared   =    0.0455
       Total |  2229.08938     2,592  .859988185   Root MSE        =      .906

-------------------------------------------------------------------------------------------
            z_glc_meta_15 | Coefficient  Std. err.      t    P>|t|     [95% conf. interval]
--------------------------+----------------------------------------------------------------
               total_iq_8 |  -.0025427   .0011536    -2.20   0.028    -.0048048   -.0002805
                   age_15 |  -.0060353   .0053003    -1.14   0.255    -.0164285    .0043579
                          |
                      sex |
                  Female  |  -.3933697   .0357088   -11.02   0.000    -.4633905   -.3233489
                          |
                      ses |
 II Managerial/Technical  |  -.0398919   .0492401    -0.81   0.418     -.136446    .0566623
IIINM Skilled Non-Manual  |  -.0577876    .058212    -0.99   0.321    -.1719345    .0563593
     IIIM Skilled Manual  |  -.1272932   .0753044    -1.69   0.091    -.2749562    .0203699
       IV Partly Skilled  |  -.0625371    .114017    -0.55   0.583     -.286111    .1610368
             V Unskilled  |    .379635   .2661258     1.43   0.154    -.1422065    .9014766
            Armed Forces  |  -1.426605   .9074064    -1.57   0.116    -3.205923    .3527125
                          |
                    _cons |   1.642406   .9940225     1.65   0.099    -.3067555    3.591568
-------------------------------------------------------------------------------------------
===========================
Regression results:
IQ at: 8
Exposure: Glucose_metabolism (glc_meta)
Age: 15
IQ Coefficient: -.00254266
IQ 95% CI Lower: -.00480479
IQ 95% CI Upper: -.00028053
Regression results summary: IQ_at: 8 , Exposure: Glucose_metabolism_(glc_meta) , Age: 15 , IQ_Coefficient: -.00254266 , IQ_95%_CI_Lower: -.00480479 , IQ_95%_CI_Upper: -.00028053
===========================
z_glc_meta_17 created with 12475 missing values
===============================================================================
Regression on: [regress z_glc_meta_17 total_iq_8 age_17 i.sex i.ses]
===============================================================================

      Source |       SS           df       MS      Number of obs   =     2,389
-------------+----------------------------------   F(9, 2379)      =     12.21
       Model |  117.720672         9  13.0800747   Prob > F        =    0.0000
    Residual |  2548.90255     2,379  1.07141763   R-squared       =    0.0441
-------------+----------------------------------   Adj R-squared   =    0.0405
       Total |  2666.62322     2,388  1.11667639   Root MSE        =    1.0351

-------------------------------------------------------------------------------------------
            z_glc_meta_17 | Coefficient  Std. err.      t    P>|t|     [95% conf. interval]
--------------------------+----------------------------------------------------------------
               total_iq_8 |   .0024242   .0013633     1.78   0.076    -.0002492    .0050976
                   age_17 |   .0188343   .0046686     4.03   0.000     .0096794    .0279892
                          |
                      sex |
                  Female  |  -.3687505   .0425024    -8.68   0.000    -.4520961   -.2854048
                          |
                      ses |
 II Managerial/Technical  |  -.0263351   .0568805    -0.46   0.643    -.1378756    .0852053
IIINM Skilled Non-Manual  |  -.0452208   .0684811    -0.66   0.509    -.1795097    .0890681
     IIIM Skilled Manual  |  -.0239876   .0916781    -0.26   0.794    -.2037648    .1557897
       IV Partly Skilled  |   .4858319   .1305764     3.72   0.000     .2297765    .7418873
             V Unskilled  |   -.211567   .3699078    -0.57   0.567     -.936942    .5138081
            Armed Forces  |  -.4654842   1.037001    -0.45   0.654    -2.499003    1.568034
                          |
                    _cons |  -4.084386   1.014482    -4.03   0.000    -6.073746   -2.095027
-------------------------------------------------------------------------------------------
===========================
Regression results:
IQ at: 8
Exposure: Glucose_metabolism (glc_meta)
Age: 17
IQ Coefficient: .0024242
IQ 95% CI Lower: -.00024917
IQ 95% CI Upper: .00509758
Regression results summary: IQ_at: 8 , Exposure: Glucose_metabolism_(glc_meta) , Age: 17 , IQ_Coefficient: .0024242 , IQ_95%_CI_Lower: -.00024917 , IQ_95%_CI_Upper: .00509758
===========================
z_glc_meta_24 created with 12393 missing values
===============================================================================
Regression on: [regress z_glc_meta_24 total_iq_8 age_24 i.sex i.ses]
===============================================================================

      Source |       SS           df       MS      Number of obs   =     2,365
-------------+----------------------------------   F(8, 2356)      =     20.71
       Model |  123.362331         8  15.4202913   Prob > F        =    0.0000
    Residual |  1754.20575     2,356  .744569505   R-squared       =    0.0657
-------------+----------------------------------   Adj R-squared   =    0.0625
       Total |  1877.56808     2,364  .794233538   Root MSE        =    .86288

-------------------------------------------------------------------------------------------
            z_glc_meta_24 | Coefficient  Std. err.      t    P>|t|     [95% conf. interval]
--------------------------+----------------------------------------------------------------
               total_iq_8 |   -.000056   .0011894    -0.05   0.962    -.0023884    .0022763
                   age_24 |   .0103026   .0018887     5.45   0.000      .006599    .0140063
                          |
                      sex |
                  Female  |  -.4026261   .0362117   -11.12   0.000    -.4736363   -.3316159
                          |
                      ses |
 II Managerial/Technical  |  -.0603441   .0472111    -1.28   0.201    -.1529238    .0322356
IIINM Skilled Non-Manual  |  -.0195954   .0558207    -0.35   0.726    -.1290582    .0898674
     IIIM Skilled Manual  |   .0040967   .0791266     0.05   0.959    -.1510682    .1592617
       IV Partly Skilled  |   .0181473   .1261589     0.14   0.886    -.2292468    .2655414
             V Unskilled  |  -.3502843   .4338661    -0.81   0.420    -1.201083    .5005148
                          |
                    _cons |  -2.750314   .5722628    -4.81   0.000    -3.872505   -1.628123
-------------------------------------------------------------------------------------------
===========================
Regression results:
IQ at: 8
Exposure: Glucose_metabolism (glc_meta)
Age: 24
IQ Coefficient: -.00005603
IQ 95% CI Lower: -.00238836
IQ 95% CI Upper: .00227631
Regression results summary: IQ_at: 8 , Exposure: Glucose_metabolism_(glc_meta) , Age: 24 , IQ_Coefficient: -.00005603 , IQ_95%_CI_Lower: -.00238836 , IQ_95%_CI_Upper: .00227631
===========================
file output/js_all_data_regress_iq8_glc_meta_age_sex_ses.png saved as PNG format
      name:  <unnamed>
       log:  S:\ICS_Student_Projects\2024-25\Jocelyn\output/js_all_data_regress_iq8_glc_meta_age_sex_ses.log
  log type:  text
 closed on:  30 Mar 2025, 23:27:08
-----------------------------------------------------------------------------------------------------------------------------------------------------------------------------------------
