-------------------------------------------------------------------------------------------------------------------------------------------------------------------------------------------------------------------------------------------------------
      name:  <unnamed>
       log:  S:\ICS_Student_Projects\2024-25\Jocelyn\output/js_all_data_regress_z_iq8_insul_age_sex_ses.log
  log type:  text
 opened on:   4 May 2025, 09:00:25
z_total_iq_8 created with 8304 missing values
z_insul_9 created with 10600 missing values
===============================================================================
Regression on: [regress z_insul_9 z_total_iq_8 age_9 i.sex i.ses]
===============================================================================

      Source |       SS           df       MS      Number of obs   =     3,905
-------------+----------------------------------   F(8, 3896)      =      0.49
       Model |  3.44292531         8  .430365664   Prob > F        =    0.8612
    Residual |  3392.95352     3,896  .870881292   R-squared       =    0.0010
-------------+----------------------------------   Adj R-squared   =   -0.0010
       Total |  3396.39644     3,904  .869978596   Root MSE        =    .93321

-------------------------------------------------------------------------------------------
                z_insul_9 | Coefficient  Std. err.      t    P>|t|     [95% conf. interval]
--------------------------+----------------------------------------------------------------
             z_total_iq_8 |   .0123661   .0160811     0.77   0.442     -.019162    .0438942
                    age_9 |   -.002119   .0042325    -0.50   0.617    -.0104171    .0061791
                          |
                      sex |
                  Female  |  -.0277948   .0299169    -0.93   0.353    -.0864491    .0308595
                          |
                      ses |
 II Managerial/Technical  |     .04946   .0435131     1.14   0.256    -.0358507    .1347707
IIINM Skilled Non-Manual  |   .0139191   .0491406     0.28   0.777    -.0824247     .110263
     IIIM Skilled Manual  |   .0041821   .0628915     0.07   0.947    -.1191213    .1274854
       IV Partly Skilled  |   .0094252   .0908396     0.10   0.917    -.1686725     .187523
             V Unskilled  |   .0092606   .2528249     0.04   0.971    -.4864211    .5049423
                          |
                    _cons |   .2301614   .5016553     0.46   0.646    -.7533704    1.213693
-------------------------------------------------------------------------------------------
===========================
Regression results:
z_IQ at: 8
Exposure: Insulin (insul)
Age: 9
IQ Coefficient: .01236613
IQ 95% CI Lower: -.01916198
IQ 95% CI Upper: .04389424
Regression results summary: z_IQ_at: 8 , Exposure: Insulin_(insul) , Age: 9 , IQ_Coefficient: .01236613 , IQ_95%_CI_Lower: -.01916198 , IQ_95%_CI_Upper: .04389424
===========================
z_insul_15 created with 12165 missing values
===============================================================================
Regression on: [regress z_insul_15 z_total_iq_8 age_15 i.sex i.ses]
===============================================================================

      Source |       SS           df       MS      Number of obs   =     2,688
-------------+----------------------------------   F(9, 2678)      =      9.25
       Model |  40.6267652         9  4.51408502   Prob > F        =    0.0000
    Residual |  1307.36501     2,678  .488187083   R-squared       =    0.0301
-------------+----------------------------------   Adj R-squared   =    0.0269
       Total |  1347.99177     2,687  .501671669   Root MSE        =     .6987

-------------------------------------------------------------------------------------------
               z_insul_15 | Coefficient  Std. err.      t    P>|t|     [95% conf. interval]
--------------------------+----------------------------------------------------------------
             z_total_iq_8 |  -.0410145   .0144471    -2.84   0.005    -.0693431   -.0126859
                   age_15 |   .0097039   .0040417     2.40   0.016     .0017788     .017629
                          |
                      sex |
                  Female  |   .1852894   .0270317     6.85   0.000     .1322842    .2382946
                          |
                      ses |
 II Managerial/Technical  |   .0059378   .0372891     0.16   0.873    -.0671806    .0790562
IIINM Skilled Non-Manual  |  -.0144836   .0440089    -0.33   0.742    -.1007785    .0718113
     IIIM Skilled Manual  |   .1177456   .0571153     2.06   0.039     .0057509    .2297402
       IV Partly Skilled  |   .0544426   .0835787     0.65   0.515    -.1094428    .2183279
             V Unskilled  |    .483439   .2051112     2.36   0.018     .0812467    .8856313
            Armed Forces  |   .1461086   .6997431     0.21   0.835    -1.225983      1.5182
                          |
                    _cons |  -1.971863   .7481534    -2.64   0.008    -3.438879   -.5048457
-------------------------------------------------------------------------------------------
===========================
Regression results:
z_IQ at: 8
Exposure: Insulin (insul)
Age: 15
IQ Coefficient: -.04101452
IQ 95% CI Lower: -.0693431
IQ 95% CI Upper: -.01268594
Regression results summary: z_IQ_at: 8 , Exposure: Insulin_(insul) , Age: 15 , IQ_Coefficient: -.04101452 , IQ_95%_CI_Lower: -.0693431 , IQ_95%_CI_Upper: -.01268594
===========================
z_insul_17 created with 12417 missing values
===============================================================================
Regression on: [regress z_insul_17 z_total_iq_8 age_17 i.sex i.ses]
===============================================================================

      Source |       SS           df       MS      Number of obs   =     2,434
-------------+----------------------------------   F(9, 2424)      =      3.02
       Model |  28.1338038         9   3.1259782   Prob > F        =    0.0014
    Residual |  2511.07914     2,424  1.03592374   R-squared       =    0.0111
-------------+----------------------------------   Adj R-squared   =    0.0074
       Total |  2539.21295     2,433  1.04365514   Root MSE        =    1.0178

-------------------------------------------------------------------------------------------
               z_insul_17 | Coefficient  Std. err.      t    P>|t|     [95% conf. interval]
--------------------------+----------------------------------------------------------------
             z_total_iq_8 |  -.0357701   .0221007    -1.62   0.106    -.0791084    .0075682
                   age_17 |    .006199   .0045436     1.36   0.173    -.0027107    .0151088
                          |
                      sex |
                  Female  |    .117195   .0414094     2.83   0.005     .0359937    .1983964
                          |
                      ses |
 II Managerial/Technical  |   .0267469   .0552117     0.48   0.628      -.08152    .1350138
IIINM Skilled Non-Manual  |   .0684578   .0666902     1.03   0.305    -.0623179    .1992335
     IIIM Skilled Manual  |   .1506344   .0892087     1.69   0.091    -.0242988    .3255676
       IV Partly Skilled  |   .3323328    .128182     2.59   0.010     .0809751    .5836905
             V Unskilled  |   .1243929   .3636436     0.34   0.732    -.5886916    .8374774
            Armed Forces  |  -.5387963   1.019621    -0.53   0.597    -2.538215    1.460623
                          |
                    _cons |  -1.455052   .9693463    -1.50   0.133    -3.355885    .4457805
-------------------------------------------------------------------------------------------
===========================
Regression results:
z_IQ at: 8
Exposure: Insulin (insul)
Age: 17
IQ Coefficient: -.03577008
IQ 95% CI Lower: -.07910838
IQ 95% CI Upper: .00756823
Regression results summary: z_IQ_at: 8 , Exposure: Insulin_(insul) , Age: 17 , IQ_Coefficient: -.03577008 , IQ_95%_CI_Lower: -.07910838 , IQ_95%_CI_Upper: .00756823
===========================
z_insul_24 created with 12395 missing values
===============================================================================
Regression on: [regress z_insul_24 z_total_iq_8 age_24 i.sex i.ses]
===============================================================================

      Source |       SS           df       MS      Number of obs   =     2,366
-------------+----------------------------------   F(8, 2357)      =      5.47
       Model |  42.5650291         8  5.32062864   Prob > F        =    0.0000
    Residual |  2291.06446     2,357   .97202565   R-squared       =    0.0182
-------------+----------------------------------   Adj R-squared   =    0.0149
       Total |  2333.62949     2,365  .986735513   Root MSE        =    .98591

-------------------------------------------------------------------------------------------
               z_insul_24 | Coefficient  Std. err.      t    P>|t|     [95% conf. interval]
--------------------------+----------------------------------------------------------------
             z_total_iq_8 |  -.0707313   .0224632    -3.15   0.002     -.114781   -.0266817
                   age_24 |   .0030171   .0021591     1.40   0.162    -.0012168     .007251
                          |
                      sex |
                  Female  |   .0364578   .0413425     0.88   0.378    -.0446135    .1175292
                          |
                      ses |
 II Managerial/Technical  |    .063879   .0539406     1.18   0.236    -.0418971     .169655
IIINM Skilled Non-Manual  |   .0729255   .0637428     1.14   0.253    -.0520723    .1979233
     IIIM Skilled Manual  |   .4281962    .090407     4.74   0.000     .2509107    .6054817
       IV Partly Skilled  |   .1002811   .1441456     0.70   0.487    -.1823842    .3829464
             V Unskilled  |  -.0719872   .4957257    -0.15   0.885    -1.044091    .9001164
                          |
                    _cons |  -.9869824   .6389412    -1.54   0.123    -2.239928    .2659628
-------------------------------------------------------------------------------------------
===========================
Regression results:
z_IQ at: 8
Exposure: Insulin (insul)
Age: 24
IQ Coefficient: -.07073133
IQ 95% CI Lower: -.11478097
IQ 95% CI Upper: -.0266817
Regression results summary: z_IQ_at: 8 , Exposure: Insulin_(insul) , Age: 24 , IQ_Coefficient: -.07073133 , IQ_95%_CI_Lower: -.11478097 , IQ_95%_CI_Upper: -.0266817
===========================
file output/js_all_data_regress_z_iq8_insul_age_sex_ses.png saved as PNG format
      name:  <unnamed>
       log:  S:\ICS_Student_Projects\2024-25\Jocelyn\output/js_all_data_regress_z_iq8_insul_age_sex_ses.log
  log type:  text
 closed on:   4 May 2025, 09:00:26
-------------------------------------------------------------------------------------------------------------------------------------------------------------------------------------------------------------------------------------------------------
