-----------------------------------------------------------------------------------------------------------------------------------------------------------------------------------------
      name:  <unnamed>
       log:  S:\ICS_Student_Projects\2024-25\Jocelyn\output/js_all_data_regress_iq8_trig_age_sex_ses.log
  log type:  text
 opened on:  30 Mar 2025, 23:27:05
z_trig_9 created with 10568 missing values
===============================================================================
Regression on: [regress z_trig_9 total_iq_8 age_9 i.sex i.ses]
===============================================================================

      Source |       SS           df       MS      Number of obs   =     3,924
-------------+----------------------------------   F(8, 3915)      =      2.46
       Model |  19.6144182         8  2.45180228   Prob > F        =    0.0119
    Residual |  3907.68367     3,915  .998131205   R-squared       =    0.0050
-------------+----------------------------------   Adj R-squared   =    0.0030
       Total |  3927.29808     3,923  1.00109561   Root MSE        =    .99907

-------------------------------------------------------------------------------------------
                 z_trig_9 | Coefficient  Std. err.      t    P>|t|     [95% conf. interval]
--------------------------+----------------------------------------------------------------
               total_iq_8 |  -.0001035   .0010391    -0.10   0.921    -.0021406    .0019337
                    age_9 |  -.0124133   .0045147    -2.75   0.006    -.0212646    -.003562
                          |
                      sex |
                  Female  |   .0974411   .0319441     3.05   0.002     .0348125    .1600696
                          |
                      ses |
 II Managerial/Technical  |   .0210305   .0463731     0.45   0.650    -.0698873    .1119483
IIINM Skilled Non-Manual  |    .010522   .0524881     0.20   0.841    -.0923845    .1134285
     IIIM Skilled Manual  |  -.0109335   .0669486    -0.16   0.870    -.1421909    .1203238
       IV Partly Skilled  |   -.115559   .0970645    -1.19   0.234    -.3058609    .0747428
             V Unskilled  |  -.0629802   .2806197    -0.22   0.822    -.6131548    .4871945
                          |
                    _cons |   1.423589   .5562532     2.56   0.011     .3330154    2.514162
-------------------------------------------------------------------------------------------
===========================
Regression results:
IQ at: 8
Exposure: Triglycerides (trig)
Age: 9
IQ Coefficient: -.00010346
IQ 95% CI Lower: -.00214061
IQ 95% CI Upper: .0019337
Regression results summary: IQ_at: 8 , Exposure: Triglycerides_(trig) , Age: 9 , IQ_Coefficient: -.00010346 , IQ_95%_CI_Lower: -.00214061 , IQ_95%_CI_Upper: .0019337
===========================
z_trig_15 created with 12161 missing values
===============================================================================
Regression on: [regress z_trig_15 total_iq_8 age_15 i.sex i.ses]
===============================================================================

      Source |       SS           df       MS      Number of obs   =     2,692
-------------+----------------------------------   F(9, 2682)      =      1.81
       Model |  15.0987017         9  1.67763353   Prob > F        =    0.0611
    Residual |  2481.77679     2,682   .92534556   R-squared       =    0.0060
-------------+----------------------------------   Adj R-squared   =    0.0027
       Total |  2496.87549     2,691  .927861573   Root MSE        =    .96195

-------------------------------------------------------------------------------------------
                z_trig_15 | Coefficient  Std. err.      t    P>|t|     [95% conf. interval]
--------------------------+----------------------------------------------------------------
               total_iq_8 |   .0022269   .0012019     1.85   0.064    -.0001299    .0045836
                   age_15 |    .009372   .0055624     1.68   0.092     -.001535     .020279
                          |
                      sex |
                  Female  |   .0949058   .0371884     2.55   0.011     .0219849    .1678267
                          |
                      ses |
 II Managerial/Technical  |   .0400632   .0513265     0.78   0.435    -.0605804    .1407068
IIINM Skilled Non-Manual  |   .0267363   .0605721     0.44   0.659    -.0920364    .1455089
     IIIM Skilled Manual  |   .1035599   .0785152     1.32   0.187    -.0503966    .2575163
       IV Partly Skilled  |  -.0606552   .1150648    -0.53   0.598    -.2862798    .1649695
             V Unskilled  |   .2306513   .2823868     0.82   0.414    -.3230665     .784369
            Armed Forces  |   -.647667   .9633794    -0.67   0.501    -2.536708    1.241374
                          |
                    _cons |  -2.072746   1.042708    -1.99   0.047    -4.117339   -.0281525
-------------------------------------------------------------------------------------------
===========================
Regression results:
IQ at: 8
Exposure: Triglycerides (trig)
Age: 15
IQ Coefficient: .00222687
IQ 95% CI Lower: -.00012986
IQ 95% CI Upper: .0045836
Regression results summary: IQ_at: 8 , Exposure: Triglycerides_(trig) , Age: 15 , IQ_Coefficient: .00222687 , IQ_95%_CI_Lower: -.00012986 , IQ_95%_CI_Upper: .0045836
===========================
z_trig_17 created with 12363 missing values
===============================================================================
Regression on: [regress z_trig_17 total_iq_8 age_17 i.sex i.ses]
===============================================================================

      Source |       SS           df       MS      Number of obs   =     2,473
-------------+----------------------------------   F(9, 2463)      =      2.02
       Model |   17.493796         9  1.94375511   Prob > F        =    0.0340
    Residual |  2374.43861     2,463  .964043283   R-squared       =    0.0073
-------------+----------------------------------   Adj R-squared   =    0.0037
       Total |   2391.9324     2,472  .967610195   Root MSE        =    .98186

-------------------------------------------------------------------------------------------
                z_trig_17 | Coefficient  Std. err.      t    P>|t|     [95% conf. interval]
--------------------------+----------------------------------------------------------------
               total_iq_8 |   .0009176   .0012744     0.72   0.472    -.0015813    .0034165
                   age_17 |   .0037896   .0043535     0.87   0.384    -.0047474    .0123265
                          |
                      sex |
                  Female  |   .0297598   .0396415     0.75   0.453    -.0479742    .1074938
                          |
                      ses |
 II Managerial/Technical  |   .1363506   .0528794     2.58   0.010     .0326579    .2400433
IIINM Skilled Non-Manual  |   .2054632   .0635982     3.23   0.001     .0807518    .3301746
     IIIM Skilled Manual  |   .0994117   .0854662     1.16   0.245    -.0681813    .2670048
       IV Partly Skilled  |    .283153   .1228017     2.31   0.021     .0423477    .5239583
             V Unskilled  |   .6739293   .3507342     1.92   0.055     -.013835    1.361694
            Armed Forces  |  -.8989972   .9835873    -0.91   0.361    -2.827741    1.029746
                          |
                    _cons |  -1.065348   .9468134    -1.13   0.261     -2.92198    .7912849
-------------------------------------------------------------------------------------------
===========================
Regression results:
IQ at: 8
Exposure: Triglycerides (trig)
Age: 17
IQ Coefficient: .0009176
IQ 95% CI Lower: -.00158132
IQ 95% CI Upper: .00341651
Regression results summary: IQ_at: 8 , Exposure: Triglycerides_(trig) , Age: 17 , IQ_Coefficient: .0009176 , IQ_95%_CI_Lower: -.00158132 , IQ_95%_CI_Upper: .00341651
===========================
z_trig_24 created with 12396 missing values
===============================================================================
Regression on: [regress z_trig_24 total_iq_8 age_24 i.sex i.ses]
===============================================================================

      Source |       SS           df       MS      Number of obs   =     2,365
-------------+----------------------------------   F(8, 2356)      =      9.94
       Model |   77.332208         8    9.666526   Prob > F        =    0.0000
    Residual |  2292.19941     2,356  .972919951   R-squared       =    0.0326
-------------+----------------------------------   Adj R-squared   =    0.0294
       Total |  2369.53161     2,364  1.00233994   Root MSE        =    .98637

-------------------------------------------------------------------------------------------
                z_trig_24 | Coefficient  Std. err.      t    P>|t|     [95% conf. interval]
--------------------------+----------------------------------------------------------------
               total_iq_8 |  -.0000144   .0013592    -0.01   0.992    -.0026797    .0026509
                   age_24 |   .0067726   .0021614     3.13   0.002     .0025342    .0110111
                          |
                      sex |
                  Female  |  -.3079845   .0413715    -7.44   0.000    -.3891129   -.2268561
                          |
                      ses |
 II Managerial/Technical  |   .0738441   .0539742     1.37   0.171    -.0319977    .1796859
IIINM Skilled Non-Manual  |   .1183062   .0637723     1.86   0.064    -.0067494    .2433618
     IIIM Skilled Manual  |   .3118889   .0904487     3.45   0.001     .1345216    .4892561
       IV Partly Skilled  |   .1885908   .1442119     1.31   0.191    -.0942045    .4713862
             V Unskilled  |   .4901336   .4959537     0.99   0.323    -.4824175    1.462685
                          |
                    _cons |  -1.901753   .6547269    -2.90   0.004    -3.185653   -.6178519
-------------------------------------------------------------------------------------------
===========================
Regression results:
IQ at: 8
Exposure: Triglycerides (trig)
Age: 24
IQ Coefficient: -.0000144
IQ 95% CI Lower: -.00267966
IQ 95% CI Upper: .00265087
Regression results summary: IQ_at: 8 , Exposure: Triglycerides_(trig) , Age: 24 , IQ_Coefficient: -.0000144 , IQ_95%_CI_Lower: -.00267966 , IQ_95%_CI_Upper: .00265087
===========================
file output/js_all_data_regress_iq8_trig_age_sex_ses.png saved as PNG format
      name:  <unnamed>
       log:  S:\ICS_Student_Projects\2024-25\Jocelyn\output/js_all_data_regress_iq8_trig_age_sex_ses.log
  log type:  text
 closed on:  30 Mar 2025, 23:27:06
-----------------------------------------------------------------------------------------------------------------------------------------------------------------------------------------
