-----------------------------------------------------------------------------------------------------------------------------------------------------------------------------------------
      name:  <unnamed>
       log:  S:\ICS_Student_Projects\2024-25\Jocelyn\output/js_all_data_regress_iq8_ldl_age_sex_ses.log
  log type:  text
 opened on:  30 Mar 2025, 23:27:04
z_ldl_9 created with 10569 missing values
===============================================================================
Regression on: [regress z_ldl_9 total_iq_8 age_9 i.sex i.ses]
===============================================================================

      Source |       SS           df       MS      Number of obs   =     3,923
-------------+----------------------------------   F(8, 3914)      =     15.20
       Model |  114.855864         8   14.356983   Prob > F        =    0.0000
    Residual |  3696.65501     3,914  .944469854   R-squared       =    0.0301
-------------+----------------------------------   Adj R-squared   =    0.0282
       Total |  3811.51087     3,922  .971828372   Root MSE        =    .97184

-------------------------------------------------------------------------------------------
                  z_ldl_9 | Coefficient  Std. err.      t    P>|t|     [95% conf. interval]
--------------------------+----------------------------------------------------------------
               total_iq_8 |  -.0014938   .0010108    -1.48   0.140    -.0034755    .0004878
                    age_9 |   .0071682   .0043918     1.63   0.103    -.0014422    .0157786
                          |
                      sex |
                  Female  |   .3222867   .0310779    10.37   0.000     .2613564    .3832171
                          |
                      ses |
 II Managerial/Technical  |   .0054355   .0451358     0.12   0.904    -.0830564    .0939273
IIINM Skilled Non-Manual  |   .0439965    .051081     0.86   0.389    -.0561515    .1441444
     IIIM Skilled Manual  |   .0546856   .0651425     0.84   0.401    -.0730309    .1824021
       IV Partly Skilled  |   .1777558   .0944328     1.88   0.060    -.0073864     .362898
             V Unskilled  |   .1413695   .2729778     0.52   0.605    -.3938228    .6765617
                          |
                    _cons |  -.8702387   .5411284    -1.61   0.108    -1.931159    .1906817
-------------------------------------------------------------------------------------------
===========================
Regression results:
IQ at: 8
Exposure: Low-density_lipoprotein_(LDL) (ldl)
Age: 9
IQ Coefficient: -.00149383
IQ 95% CI Lower: -.00347548
IQ 95% CI Upper: .00048782
Regression results summary: IQ_at: 8 , Exposure: Low-density_lipoprotein_(LDL)_(ldl) , Age: 9 , IQ_Coefficient: -.00149383 , IQ_95%_CI_Lower: -.00347548 , IQ_95%_CI_Upper: .00048782
===========================
z_ldl_15 created with 12161 missing values
===============================================================================
Regression on: [regress z_ldl_15 total_iq_8 age_15 i.sex i.ses]
===============================================================================

      Source |       SS           df       MS      Number of obs   =     2,692
-------------+----------------------------------   F(9, 2682)      =     11.20
       Model |  91.8214262         9  10.2023807   Prob > F        =    0.0000
    Residual |  2443.14801     2,682  .910942582   R-squared       =    0.0362
-------------+----------------------------------   Adj R-squared   =    0.0330
       Total |  2534.96943     2,691  .942017626   Root MSE        =    .95443

-------------------------------------------------------------------------------------------
                 z_ldl_15 | Coefficient  Std. err.      t    P>|t|     [95% conf. interval]
--------------------------+----------------------------------------------------------------
               total_iq_8 |  -.0020301   .0011925    -1.70   0.089    -.0043684    .0003082
                   age_15 |   .0032463   .0055189     0.59   0.556    -.0075754    .0140681
                          |
                      sex |
                  Female  |   .3260948   .0368979     8.84   0.000     .2537436    .3984459
                          |
                      ses |
 II Managerial/Technical  |   -.079441   .0509255    -1.56   0.119    -.1792983    .0204162
IIINM Skilled Non-Manual  |   .0036007   .0600988     0.06   0.952     -.114244    .1214454
     IIIM Skilled Manual  |   .0628033   .0779018     0.81   0.420    -.0899503    .2155569
       IV Partly Skilled  |   .1193955   .1141658     1.05   0.296    -.1044663    .3432574
             V Unskilled  |   .1711558   .2801805     0.61   0.541    -.3782358    .7205473
            Armed Forces  |  -1.728306   .9558525    -1.81   0.071    -3.602588    .1459765
                          |
                    _cons |  -.5332138   1.034562    -0.52   0.606    -2.561833    1.495405
-------------------------------------------------------------------------------------------
===========================
Regression results:
IQ at: 8
Exposure: Low-density_lipoprotein_(LDL) (ldl)
Age: 15
IQ Coefficient: -.00203012
IQ 95% CI Lower: -.00436844
IQ 95% CI Upper: .0003082
Regression results summary: IQ_at: 8 , Exposure: Low-density_lipoprotein_(LDL)_(ldl) , Age: 15 , IQ_Coefficient: -.00203012 , IQ_95%_CI_Lower: -.00436844 , IQ_95%_CI_Upper: .0003082
===========================
z_ldl_17 created with 12363 missing values
===============================================================================
Regression on: [regress z_ldl_17 total_iq_8 age_17 i.sex i.ses]
===============================================================================

      Source |       SS           df       MS      Number of obs   =     2,473
-------------+----------------------------------   F(9, 2463)      =      9.75
       Model |  86.0838908         9  9.56487675   Prob > F        =    0.0000
    Residual |  2415.50968     2,463  .980718508   R-squared       =    0.0344
-------------+----------------------------------   Adj R-squared   =    0.0309
       Total |  2501.59357     2,472  1.01197151   Root MSE        =    .99031

-------------------------------------------------------------------------------------------
                 z_ldl_17 | Coefficient  Std. err.      t    P>|t|     [95% conf. interval]
--------------------------+----------------------------------------------------------------
               total_iq_8 |   .0007015   .0012853     0.55   0.585    -.0018189    .0032219
                   age_17 |   .0031385    .004391     0.71   0.475     -.005472    .0117489
                          |
                      sex |
                  Female  |   .3520388   .0399828     8.80   0.000     .2736354    .4304423
                          |
                      ses |
 II Managerial/Technical  |   .0223037   .0533348     0.42   0.676     -.082282    .1268893
IIINM Skilled Non-Manual  |   .0276185   .0641459     0.43   0.667    -.0981669    .1534039
     IIIM Skilled Manual  |   .0778349   .0862022     0.90   0.367    -.0912014    .2468712
       IV Partly Skilled  |   .0487653   .1238592     0.39   0.694    -.1941137    .2916443
             V Unskilled  |   .7384614   .3537545     2.09   0.037     .0447744    1.432148
            Armed Forces  |  -1.183413   .9920574    -1.19   0.233    -3.128766    .7619397
                          |
                    _cons |  -.9455541   .9549669    -0.99   0.322    -2.818175    .9270668
-------------------------------------------------------------------------------------------
===========================
Regression results:
IQ at: 8
Exposure: Low-density_lipoprotein_(LDL) (ldl)
Age: 17
IQ Coefficient: .00070148
IQ 95% CI Lower: -.00181895
IQ 95% CI Upper: .00322192
Regression results summary: IQ_at: 8 , Exposure: Low-density_lipoprotein_(LDL)_(ldl) , Age: 17 , IQ_Coefficient: .00070148 , IQ_95%_CI_Lower: -.00181895 , IQ_95%_CI_Upper: .00322192
===========================
z_ldl_24 created with 12397 missing values
===============================================================================
Regression on: [regress z_ldl_24 total_iq_8 age_24 i.sex i.ses]
===============================================================================

      Source |       SS           df       MS      Number of obs   =     2,364
-------------+----------------------------------   F(8, 2355)      =      9.65
       Model |  72.3958658         8  9.04948323   Prob > F        =    0.0000
    Residual |  2208.22261     2,355  .937674142   R-squared       =    0.0317
-------------+----------------------------------   Adj R-squared   =    0.0285
       Total |  2280.61847     2,363   .96513689   Root MSE        =    .96834

-------------------------------------------------------------------------------------------
                 z_ldl_24 | Coefficient  Std. err.      t    P>|t|     [95% conf. interval]
--------------------------+----------------------------------------------------------------
               total_iq_8 |  -.0012346   .0013351    -0.92   0.355    -.0038526    .0013835
                   age_24 |   .0153457   .0021221     7.23   0.000     .0111843     .019507
                          |
                      sex |
                  Female  |  -.0454657   .0406244    -1.12   0.263    -.1251289    .0341975
                          |
                      ses |
 II Managerial/Technical  |   .0047307   .0530009     0.09   0.929    -.0992025    .1086639
IIINM Skilled Non-Manual  |   .1025338   .0626095     1.64   0.102    -.0202417    .2253093
     IIIM Skilled Manual  |   .2859002   .0887981     3.22   0.001     .1117696    .4600308
       IV Partly Skilled  |    .303517   .1415776     2.14   0.032     .0258874    .5811466
             V Unskilled  |    .767069   .4868886     1.58   0.115    -.1877059    1.721844
                          |
                    _cons |   -4.42216   .6428996    -6.88   0.000    -5.682868   -3.161452
-------------------------------------------------------------------------------------------
===========================
Regression results:
IQ at: 8
Exposure: Low-density_lipoprotein_(LDL) (ldl)
Age: 24
IQ Coefficient: -.00123456
IQ 95% CI Lower: -.00385259
IQ 95% CI Upper: .00138348
Regression results summary: IQ_at: 8 , Exposure: Low-density_lipoprotein_(LDL)_(ldl) , Age: 24 , IQ_Coefficient: -.00123456 , IQ_95%_CI_Lower: -.00385259 , IQ_95%_CI_Upper: .00138348
===========================
file output/js_all_data_regress_iq8_ldl_age_sex_ses.png saved as PNG format
      name:  <unnamed>
       log:  S:\ICS_Student_Projects\2024-25\Jocelyn\output/js_all_data_regress_iq8_ldl_age_sex_ses.log
  log type:  text
 closed on:  30 Mar 2025, 23:27:05
-----------------------------------------------------------------------------------------------------------------------------------------------------------------------------------------
