-------------------------------------------------------------------------------------------------------------------------------------------------------------------------------------------------------------------------------------------------------
      name:  <unnamed>
       log:  S:\ICS_Student_Projects\2024-25\Jocelyn\output/js_all_data_regress_z_iq8_bmi_age_sex_ses.log
  log type:  text
 opened on:   4 May 2025, 08:59:49
z_total_iq_8 created with 8304 missing values
z_bmi_9 created with 8017 missing values
===============================================================================
Regression on: [regress z_bmi_9 z_total_iq_8 age_9 i.sex i.ses]
===============================================================================

      Source |       SS           df       MS      Number of obs   =     5,802
-------------+----------------------------------   F(8, 5793)      =     12.27
       Model |  89.5446192         8  11.1930774   Prob > F        =    0.0000
    Residual |  5283.69693     5,793  .912083019   R-squared       =    0.0167
-------------+----------------------------------   Adj R-squared   =    0.0153
       Total |  5373.24155     5,801  .926261257   Root MSE        =    .95503

-------------------------------------------------------------------------------------------
                  z_bmi_9 | Coefficient  Std. err.      t    P>|t|     [95% conf. interval]
--------------------------+----------------------------------------------------------------
             z_total_iq_8 |  -.0349175   .0134351    -2.60   0.009    -.0612553   -.0085796
                    age_9 |   .0211921   .0036169     5.86   0.000     .0141015    .0282826
                          |
                      sex |
                  Female  |   .1475432   .0250945     5.88   0.000     .0983485    .1967378
                          |
                      ses |
 II Managerial/Technical  |   .0964773   .0367584     2.62   0.009     .0244172    .1685374
IIINM Skilled Non-Manual  |   .0983985   .0413041     2.38   0.017      .017427    .1793699
     IIIM Skilled Manual  |   .1526489    .052504     2.91   0.004     .0497215    .2555763
       IV Partly Skilled  |   .1009687    .075306     1.34   0.180    -.0466592    .2485967
             V Unskilled  |    .264355   .1979851     1.34   0.182    -.1237698    .6524798
                          |
                    _cons |  -2.701269   .4285398    -6.30   0.000    -3.541367   -1.861171
-------------------------------------------------------------------------------------------
===========================
Regression results:
z_IQ at: 8
Exposure: BMI (bmi)
Age: 9
IQ Coefficient: -.03491747
IQ 95% CI Lower: -.06125532
IQ 95% CI Upper: -.00857963
Regression results summary: z_IQ_at: 8 , Exposure: BMI_(bmi) , Age: 9 , IQ_Coefficient: -.03491747 , IQ_95%_CI_Lower: -.06125532 , IQ_95%_CI_Upper: -.00857963
===========================
z_bmi_10 created with 8186 missing values
===============================================================================
Regression on: [regress z_bmi_10 z_total_iq_8 age_10 i.sex i.ses]
===============================================================================

      Source |       SS           df       MS      Number of obs   =     5,672
-------------+----------------------------------   F(8, 5663)      =      7.70
       Model |  56.6867004         8  7.08583754   Prob > F        =    0.0000
    Residual |  5214.08085     5,663   .92072768   R-squared       =    0.0108
-------------+----------------------------------   Adj R-squared   =    0.0094
       Total |  5270.76755     5,671  .929424714   Root MSE        =    .95955

-------------------------------------------------------------------------------------------
                 z_bmi_10 | Coefficient  Std. err.      t    P>|t|     [95% conf. interval]
--------------------------+----------------------------------------------------------------
             z_total_iq_8 |  -.0393856   .0136361    -2.89   0.004    -.0661175   -.0126537
                   age_10 |   .0160612   .0045392     3.54   0.000     .0071627    .0249598
                          |
                      sex |
                  Female  |    .117921    .025504     4.62   0.000     .0679233    .1679187
                          |
                      ses |
 II Managerial/Technical  |   .0800191   .0372719     2.15   0.032     .0069519    .1530863
IIINM Skilled Non-Manual  |   .0925885   .0419529     2.21   0.027     .0103448    .1748323
     IIIM Skilled Manual  |   .1378659   .0535258     2.58   0.010     .0329349    .2427969
       IV Partly Skilled  |   .1498137   .0767809     1.95   0.051    -.0007063    .3003337
             V Unskilled  |   .1436632   .2032321     0.71   0.480    -.2547496     .542076
                          |
                    _cons |  -2.214598   .5791778    -3.82   0.000    -3.350008   -1.079187
-------------------------------------------------------------------------------------------
===========================
Regression results:
z_IQ at: 8
Exposure: BMI (bmi)
Age: 10
IQ Coefficient: -.03938557
IQ 95% CI Lower: -.06611746
IQ 95% CI Upper: -.01265369
Regression results summary: z_IQ_at: 8 , Exposure: BMI_(bmi) , Age: 10 , IQ_Coefficient: -.03938557 , IQ_95%_CI_Lower: -.06611746 , IQ_95%_CI_Upper: -.01265369
===========================
z_bmi_11 created with 8551 missing values
===============================================================================
Regression on: [regress z_bmi_11 z_total_iq_8 age_11 i.sex i.ses]
===============================================================================

      Source |       SS           df       MS      Number of obs   =     5,374
-------------+----------------------------------   F(8, 5365)      =     11.49
       Model |  84.9465259         8  10.6183157   Prob > F        =    0.0000
    Residual |  4959.74799     5,365  .924463745   R-squared       =    0.0168
-------------+----------------------------------   Adj R-squared   =    0.0154
       Total |  5044.69452     5,373  .938897175   Root MSE        =    .96149

-------------------------------------------------------------------------------------------
                 z_bmi_11 | Coefficient  Std. err.      t    P>|t|     [95% conf. interval]
--------------------------+----------------------------------------------------------------
             z_total_iq_8 |  -.0567905   .0140331    -4.05   0.000    -.0843012   -.0292799
                   age_11 |   .0220757   .0050706     4.35   0.000     .0121352    .0320161
                          |
                      sex |
                  Female  |   .1395528   .0262529     5.32   0.000     .0880864    .1910192
                          |
                      ses |
 II Managerial/Technical  |   .1203153   .0381879     3.15   0.002     .0454516    .1951791
IIINM Skilled Non-Manual  |    .126363   .0430001     2.94   0.003     .0420653    .2106608
     IIIM Skilled Manual  |   .1796505   .0549746     3.27   0.001      .071878    .2874231
       IV Partly Skilled  |   .1539505   .0805404     1.91   0.056    -.0039413    .3118423
             V Unskilled  |   .1609229   .2129068     0.76   0.450    -.2564609    .5783068
                          |
                    _cons |  -3.314322   .7143836    -4.64   0.000    -4.714804    -1.91384
-------------------------------------------------------------------------------------------
===========================
Regression results:
z_IQ at: 8
Exposure: BMI (bmi)
Age: 11
IQ Coefficient: -.05679051
IQ 95% CI Lower: -.08430115
IQ 95% CI Upper: -.02927987
Regression results summary: z_IQ_at: 8 , Exposure: BMI_(bmi) , Age: 11 , IQ_Coefficient: -.05679051 , IQ_95%_CI_Lower: -.08430115 , IQ_95%_CI_Upper: -.02927987
===========================
z_bmi_12 created with 8946 missing values
===============================================================================
Regression on: [regress z_bmi_12 z_total_iq_8 age_12 i.sex i.ses]
===============================================================================

      Source |       SS           df       MS      Number of obs   =     5,109
-------------+----------------------------------   F(8, 5100)      =     10.45
       Model |  78.7191248         8   9.8398906   Prob > F        =    0.0000
    Residual |  4801.83395     5,100   .94153607   R-squared       =    0.0161
-------------+----------------------------------   Adj R-squared   =    0.0146
       Total |  4880.55308     5,108  .955472412   Root MSE        =    .97033

-------------------------------------------------------------------------------------------
                 z_bmi_12 | Coefficient  Std. err.      t    P>|t|     [95% conf. interval]
--------------------------+----------------------------------------------------------------
             z_total_iq_8 |  -.0481287   .0145223    -3.31   0.001    -.0765987   -.0196587
                   age_12 |   .0104393   .0052914     1.97   0.049     .0000658    .0208128
                          |
                      sex |
                  Female  |   .1554905   .0271894     5.72   0.000     .1021876    .2087934
                          |
                      ses |
 II Managerial/Technical  |   .0891422   .0391933     2.27   0.023     .0123065    .1659778
IIINM Skilled Non-Manual  |   .1541563   .0442862     3.48   0.001     .0673364    .2409763
     IIIM Skilled Manual  |   .2165524   .0569009     3.81   0.000     .1050022    .3281026
       IV Partly Skilled  |   .2470227   .0838404     2.95   0.003     .0826595    .4113859
             V Unskilled  |   .1821897   .2150738     0.85   0.397    -.2394473    .6038267
                          |
                    _cons |  -1.813531   .8141606    -2.23   0.026    -3.409635   -.2174263
-------------------------------------------------------------------------------------------
===========================
Regression results:
z_IQ at: 8
Exposure: BMI (bmi)
Age: 12
IQ Coefficient: -.04812872
IQ 95% CI Lower: -.07659875
IQ 95% CI Upper: -.01965869
Regression results summary: z_IQ_at: 8 , Exposure: BMI_(bmi) , Age: 12 , IQ_Coefficient: -.04812872 , IQ_95%_CI_Lower: -.07659875 , IQ_95%_CI_Upper: -.01965869
===========================
z_bmi_13 created with 9532 missing values
===============================================================================
Regression on: [regress z_bmi_13 z_total_iq_8 age_13 i.sex i.ses]
===============================================================================

      Source |       SS           df       MS      Number of obs   =     4,750
-------------+----------------------------------   F(9, 4740)      =     12.17
       Model |  99.8962281         9  11.0995809   Prob > F        =    0.0000
    Residual |  4323.80045     4,740  .912194188   R-squared       =    0.0226
-------------+----------------------------------   Adj R-squared   =    0.0207
       Total |  4423.69668     4,749   .93150067   Root MSE        =    .95509

-------------------------------------------------------------------------------------------
                 z_bmi_13 | Coefficient  Std. err.      t    P>|t|     [95% conf. interval]
--------------------------+----------------------------------------------------------------
             z_total_iq_8 |  -.0489628   .0148697    -3.29   0.001    -.0781143   -.0198114
                   age_13 |   .0124747   .0059132     2.11   0.035     .0008821    .0240672
                          |
                      sex |
                  Female  |   .2049921   .0277459     7.39   0.000     .1505972     .259387
                          |
                      ses |
 II Managerial/Technical  |   .1017634   .0396043     2.57   0.010     .0241205    .1794062
IIINM Skilled Non-Manual  |   .1293607   .0451886     2.86   0.004       .04077    .2179513
     IIIM Skilled Manual  |   .2827171   .0588717     4.80   0.000     .1673012     .398133
       IV Partly Skilled  |   .1805108   .0851811     2.12   0.034     .0135162    .3475053
             V Unskilled  |   .2923289    .267408     1.09   0.274     -.231915    .8165728
            Armed Forces  |  -.1461661   .9559322    -0.15   0.878    -2.020237    1.727905
                          |
                    _cons |  -2.312457   .9818905    -2.36   0.019    -4.237418   -.3874949
-------------------------------------------------------------------------------------------
===========================
Regression results:
z_IQ at: 8
Exposure: BMI (bmi)
Age: 13
IQ Coefficient: -.04896284
IQ 95% CI Lower: -.07811431
IQ 95% CI Upper: -.01981138
Regression results summary: z_IQ_at: 8 , Exposure: BMI_(bmi) , Age: 13 , IQ_Coefficient: -.04896284 , IQ_95%_CI_Lower: -.07811431 , IQ_95%_CI_Upper: -.01981138
===========================
z_bmi_15 created with 10235 missing values
===============================================================================
Regression on: [regress z_bmi_15 z_total_iq_8 age_15 i.sex i.ses]
===============================================================================

      Source |       SS           df       MS      Number of obs   =     4,197
-------------+----------------------------------   F(9, 4187)      =     12.26
       Model |  99.0021022         9  11.0002336   Prob > F        =    0.0000
    Residual |  3756.61726     4,187  .897209759   R-squared       =    0.0257
-------------+----------------------------------   Adj R-squared   =    0.0236
       Total |  3855.61936     4,196  .918879734   Root MSE        =    .94721

-------------------------------------------------------------------------------------------
                 z_bmi_15 | Coefficient  Std. err.      t    P>|t|     [95% conf. interval]
--------------------------+----------------------------------------------------------------
             z_total_iq_8 |  -.0485404   .0156685    -3.10   0.002     -.079259   -.0178218
                   age_15 |   .0185455   .0042061     4.41   0.000     .0102993    .0267916
                          |
                      sex |
                  Female  |   .1803873   .0293442     6.15   0.000     .1228571    .2379175
                          |
                      ses |
 II Managerial/Technical  |   .1198983    .041052     2.92   0.004     .0394145     .200382
IIINM Skilled Non-Manual  |   .1716965   .0474288     3.62   0.000     .0787108    .2646822
     IIIM Skilled Manual  |   .2732128   .0628193     4.35   0.000     .1500536     .396372
       IV Partly Skilled  |   .2224374   .0917149     2.43   0.015     .0426275    .4022473
             V Unskilled  |  -.1565942   .2657386    -0.59   0.556    -.6775828    .3643945
            Armed Forces  |  -.3955636   .9481286    -0.42   0.677    -2.254399    1.463272
                          |
                    _cons |  -3.686171   .7790433    -4.73   0.000    -5.213509   -2.158833
-------------------------------------------------------------------------------------------
===========================
Regression results:
z_IQ at: 8
Exposure: BMI (bmi)
Age: 15
IQ Coefficient: -.04854039
IQ 95% CI Lower: -.07925897
IQ 95% CI Upper: -.01782181
Regression results summary: z_IQ_at: 8 , Exposure: BMI_(bmi) , Age: 15 , IQ_Coefficient: -.04854039 , IQ_95%_CI_Lower: -.07925897 , IQ_95%_CI_Upper: -.01782181
===========================
z_bmi_17 created with 10588 missing values
===============================================================================
Regression on: [regress z_bmi_17 z_total_iq_8 age_17 i.sex i.ses]
===============================================================================

      Source |       SS           df       MS      Number of obs   =     3,755
-------------+----------------------------------   F(9, 3745)      =      6.33
       Model |   52.189525         9  5.79883611   Prob > F        =    0.0000
    Residual |  3429.46598     3,745  .915745256   R-squared       =    0.0150
-------------+----------------------------------   Adj R-squared   =    0.0126
       Total |  3481.65551     3,754  .927452187   Root MSE        =    .95695

-------------------------------------------------------------------------------------------
                 z_bmi_17 | Coefficient  Std. err.      t    P>|t|     [95% conf. interval]
--------------------------+----------------------------------------------------------------
             z_total_iq_8 |  -.0590707   .0166949    -3.54   0.000    -.0918026   -.0263387
                   age_17 |   .0085353   .0031954     2.67   0.008     .0022703    .0148003
                          |
                      sex |
                  Female  |   .0393536   .0314992     1.25   0.212    -.0224035    .1011108
                          |
                      ses |
 II Managerial/Technical  |   .1175598   .0429595     2.74   0.006     .0333335    .2017861
IIINM Skilled Non-Manual  |   .1406268    .050255     2.80   0.005      .042097    .2391566
     IIIM Skilled Manual  |   .2403506   .0667691     3.60   0.000     .1094433    .3712579
       IV Partly Skilled  |   .2895391   .0973228     2.98   0.003     .0987281      .48035
             V Unskilled  |   .4165841   .2688111     1.55   0.121    -.1104463    .9436145
            Armed Forces  |  -.1780206   .9580757    -0.19   0.853    -2.056422     1.70038
                          |
                    _cons |  -1.994565   .6824072    -2.92   0.003     -3.33249   -.6566387
-------------------------------------------------------------------------------------------
===========================
Regression results:
z_IQ at: 8
Exposure: BMI (bmi)
Age: 17
IQ Coefficient: -.05907066
IQ 95% CI Lower: -.09180264
IQ 95% CI Upper: -.02633867
Regression results summary: z_IQ_at: 8 , Exposure: BMI_(bmi) , Age: 17 , IQ_Coefficient: -.05907066 , IQ_95%_CI_Lower: -.09180264 , IQ_95%_CI_Upper: -.02633867
===========================
z_bmi_24 created with 11672 missing values
===============================================================================
Regression on: [regress z_bmi_24 z_total_iq_8 age_24 i.sex i.ses]
===============================================================================

      Source |       SS           df       MS      Number of obs   =     2,893
-------------+----------------------------------   F(8, 2884)      =      8.17
       Model |  59.5214431         8  7.44018039   Prob > F        =    0.0000
    Residual |  2625.15729     2,884  .910248712   R-squared       =    0.0222
-------------+----------------------------------   Adj R-squared   =    0.0195
       Total |  2684.67873     2,892  .928312147   Root MSE        =    .95407

-------------------------------------------------------------------------------------------
                 z_bmi_24 | Coefficient  Std. err.      t    P>|t|     [95% conf. interval]
--------------------------+----------------------------------------------------------------
             z_total_iq_8 |  -.0852171   .0194055    -4.39   0.000    -.1232672   -.0471671
                   age_24 |   .0045494   .0018864     2.41   0.016     .0008506    .0082482
                          |
                      sex |
                  Female  |  -.0137874   .0365667    -0.38   0.706    -.0854869    .0579121
                          |
                      ses |
 II Managerial/Technical  |   .1216954   .0475025     2.56   0.010     .0285532    .2148376
IIINM Skilled Non-Manual  |   .1617957   .0558603     2.90   0.004     .0522657    .2713258
     IIIM Skilled Manual  |   .3490095   .0771631     4.52   0.000      .197709    .5003099
       IV Partly Skilled  |   .3377465   .1236761     2.73   0.006     .0952439     .580249
             V Unskilled  |    .591618   .3920762     1.51   0.131    -.1771598    1.360396
                          |
                    _cons |  -1.474113   .5581207    -2.64   0.008    -2.568469   -.3797574
-------------------------------------------------------------------------------------------
===========================
Regression results:
z_IQ at: 8
Exposure: BMI (bmi)
Age: 24
IQ Coefficient: -.08521711
IQ 95% CI Lower: -.12326716
IQ 95% CI Upper: -.04716706
Regression results summary: z_IQ_at: 8 , Exposure: BMI_(bmi) , Age: 24 , IQ_Coefficient: -.08521711 , IQ_95%_CI_Lower: -.12326716 , IQ_95%_CI_Upper: -.04716706
===========================
file output/js_all_data_regress_z_iq8_bmi_age_sex_ses.png saved as PNG format
      name:  <unnamed>
       log:  S:\ICS_Student_Projects\2024-25\Jocelyn\output/js_all_data_regress_z_iq8_bmi_age_sex_ses.log
  log type:  text
 closed on:   4 May 2025, 09:00:12
-------------------------------------------------------------------------------------------------------------------------------------------------------------------------------------------------------------------------------------------------------
